###############################################################################
#
# IAR ELF Linker V7.40.5.9725/W32 for ARM                 02/Nov/2017  20:53:39
# Copyright 2007-2015 IAR Systems AB.
#
#    Output file  =  
#        D:\GIT\Micrium_STM32F4-DISCOVERY_OS3-TCPIP-HTTPc-No-Source\Micrium\Examples\ST\STM32F4-DISCOVERY\OS3-TCPIP-HTTPc\IAR-No-Source\FLASH\Exe\OS3-TCPIP-HTTPc-No-Source.out
#    Map file     =  
#        D:\GIT\Micrium_STM32F4-DISCOVERY_OS3-TCPIP-HTTPc-No-Source\Micrium\Examples\ST\STM32F4-DISCOVERY\OS3-TCPIP-HTTPc\IAR-No-Source\FLASH\List\OS3-TCPIP-HTTPc-No-Source.map
#    Command line =  
#        D:\GIT\Micrium_STM32F4-DISCOVERY_OS3-TCPIP-HTTPc-No-Source\Micrium\Examples\ST\STM32F4-DISCOVERY\OS3-TCPIP-HTTPc\IAR-No-Source\FLASH\Obj\app.o
#        D:\GIT\Micrium_STM32F4-DISCOVERY_OS3-TCPIP-HTTPc-No-Source\Micrium\Examples\ST\STM32F4-DISCOVERY\OS3-TCPIP-HTTPc\IAR-No-Source\FLASH\Obj\app_dns-c.o
#        D:\GIT\Micrium_STM32F4-DISCOVERY_OS3-TCPIP-HTTPc-No-Source\Micrium\Examples\ST\STM32F4-DISCOVERY\OS3-TCPIP-HTTPc\IAR-No-Source\FLASH\Obj\app_tcpip.o
#        D:\GIT\Micrium_STM32F4-DISCOVERY_OS3-TCPIP-HTTPc-No-Source\Micrium\Examples\ST\STM32F4-DISCOVERY\OS3-TCPIP-HTTPc\IAR-No-Source\FLASH\Obj\bsp.o
#        D:\GIT\Micrium_STM32F4-DISCOVERY_OS3-TCPIP-HTTPc-No-Source\Micrium\Examples\ST\STM32F4-DISCOVERY\OS3-TCPIP-HTTPc\IAR-No-Source\FLASH\Obj\bsp_int.o
#        D:\GIT\Micrium_STM32F4-DISCOVERY_OS3-TCPIP-HTTPc-No-Source\Micrium\Examples\ST\STM32F4-DISCOVERY\OS3-TCPIP-HTTPc\IAR-No-Source\FLASH\Obj\bsp_os.o
#        D:\GIT\Micrium_STM32F4-DISCOVERY_OS3-TCPIP-HTTPc-No-Source\Micrium\Examples\ST\STM32F4-DISCOVERY\OS3-TCPIP-HTTPc\IAR-No-Source\FLASH\Obj\bsp_periph.o
#        D:\GIT\Micrium_STM32F4-DISCOVERY_OS3-TCPIP-HTTPc-No-Source\Micrium\Examples\ST\STM32F4-DISCOVERY\OS3-TCPIP-HTTPc\IAR-No-Source\FLASH\Obj\cpu_a.o
#        D:\GIT\Micrium_STM32F4-DISCOVERY_OS3-TCPIP-HTTPc-No-Source\Micrium\Examples\ST\STM32F4-DISCOVERY\OS3-TCPIP-HTTPc\IAR-No-Source\FLASH\Obj\cpu_c.o
#        D:\GIT\Micrium_STM32F4-DISCOVERY_OS3-TCPIP-HTTPc-No-Source\Micrium\Examples\ST\STM32F4-DISCOVERY\OS3-TCPIP-HTTPc\IAR-No-Source\FLASH\Obj\cpu_core.o
#        D:\GIT\Micrium_STM32F4-DISCOVERY_OS3-TCPIP-HTTPc-No-Source\Micrium\Examples\ST\STM32F4-DISCOVERY\OS3-TCPIP-HTTPc\IAR-No-Source\FLASH\Obj\cstartup.o
#        D:\GIT\Micrium_STM32F4-DISCOVERY_OS3-TCPIP-HTTPc-No-Source\Micrium\Examples\ST\STM32F4-DISCOVERY\OS3-TCPIP-HTTPc\IAR-No-Source\FLASH\Obj\dns-c_cfg.o
#        D:\GIT\Micrium_STM32F4-DISCOVERY_OS3-TCPIP-HTTPc-No-Source\Micrium\Examples\ST\STM32F4-DISCOVERY\OS3-TCPIP-HTTPc\IAR-No-Source\FLASH\Obj\http-c_app.o
#        D:\GIT\Micrium_STM32F4-DISCOVERY_OS3-TCPIP-HTTPc-No-Source\Micrium\Examples\ST\STM32F4-DISCOVERY\OS3-TCPIP-HTTPc\IAR-No-Source\FLASH\Obj\http-c_cfg.o
#        D:\GIT\Micrium_STM32F4-DISCOVERY_OS3-TCPIP-HTTPc-No-Source\Micrium\Examples\ST\STM32F4-DISCOVERY\OS3-TCPIP-HTTPc\IAR-No-Source\FLASH\Obj\http-c_hooks.o
#        D:\GIT\Micrium_STM32F4-DISCOVERY_OS3-TCPIP-HTTPc-No-Source\Micrium\Examples\ST\STM32F4-DISCOVERY\OS3-TCPIP-HTTPc\IAR-No-Source\FLASH\Obj\kal.o
#        D:\GIT\Micrium_STM32F4-DISCOVERY_OS3-TCPIP-HTTPc-No-Source\Micrium\Examples\ST\STM32F4-DISCOVERY\OS3-TCPIP-HTTPc\IAR-No-Source\FLASH\Obj\lib_ascii.o
#        D:\GIT\Micrium_STM32F4-DISCOVERY_OS3-TCPIP-HTTPc-No-Source\Micrium\Examples\ST\STM32F4-DISCOVERY\OS3-TCPIP-HTTPc\IAR-No-Source\FLASH\Obj\lib_math.o
#        D:\GIT\Micrium_STM32F4-DISCOVERY_OS3-TCPIP-HTTPc-No-Source\Micrium\Examples\ST\STM32F4-DISCOVERY\OS3-TCPIP-HTTPc\IAR-No-Source\FLASH\Obj\lib_mem.o
#        D:\GIT\Micrium_STM32F4-DISCOVERY_OS3-TCPIP-HTTPc-No-Source\Micrium\Examples\ST\STM32F4-DISCOVERY\OS3-TCPIP-HTTPc\IAR-No-Source\FLASH\Obj\lib_mem_a.o
#        D:\GIT\Micrium_STM32F4-DISCOVERY_OS3-TCPIP-HTTPc-No-Source\Micrium\Examples\ST\STM32F4-DISCOVERY\OS3-TCPIP-HTTPc\IAR-No-Source\FLASH\Obj\lib_str.o
#        D:\GIT\Micrium_STM32F4-DISCOVERY_OS3-TCPIP-HTTPc-No-Source\Micrium\Examples\ST\STM32F4-DISCOVERY\OS3-TCPIP-HTTPc\IAR-No-Source\FLASH\Obj\misc.o
#        D:\GIT\Micrium_STM32F4-DISCOVERY_OS3-TCPIP-HTTPc-No-Source\Micrium\Examples\ST\STM32F4-DISCOVERY\OS3-TCPIP-HTTPc\IAR-No-Source\FLASH\Obj\net_bsp.o
#        D:\GIT\Micrium_STM32F4-DISCOVERY_OS3-TCPIP-HTTPc-No-Source\Micrium\Examples\ST\STM32F4-DISCOVERY\OS3-TCPIP-HTTPc\IAR-No-Source\FLASH\Obj\net_cfg.o
#        D:\GIT\Micrium_STM32F4-DISCOVERY_OS3-TCPIP-HTTPc-No-Source\Micrium\Examples\ST\STM32F4-DISCOVERY\OS3-TCPIP-HTTPc\IAR-No-Source\FLASH\Obj\net_dev_cfg.o
#        D:\GIT\Micrium_STM32F4-DISCOVERY_OS3-TCPIP-HTTPc-No-Source\Micrium\Examples\ST\STM32F4-DISCOVERY\OS3-TCPIP-HTTPc\OS3-TCPIP-HTTPc-DNSc-DHCPc-Trace-Library.a
#        D:\GIT\Micrium_STM32F4-DISCOVERY_OS3-TCPIP-HTTPc-No-Source\Micrium\Examples\ST\STM32F4-DISCOVERY\OS3-TCPIP-HTTPc\IAR-No-Source\FLASH\Obj\os_app_hooks.o
#        D:\GIT\Micrium_STM32F4-DISCOVERY_OS3-TCPIP-HTTPc-No-Source\Micrium\Examples\ST\STM32F4-DISCOVERY\OS3-TCPIP-HTTPc\IAR-No-Source\FLASH\Obj\os_cfg_app.o
#        D:\GIT\Micrium_STM32F4-DISCOVERY_OS3-TCPIP-HTTPc-No-Source\Micrium\Examples\ST\STM32F4-DISCOVERY\OS3-TCPIP-HTTPc\IAR-No-Source\FLASH\Obj\os_core.o
#        D:\GIT\Micrium_STM32F4-DISCOVERY_OS3-TCPIP-HTTPc-No-Source\Micrium\Examples\ST\STM32F4-DISCOVERY\OS3-TCPIP-HTTPc\IAR-No-Source\FLASH\Obj\os_cpu_a.o
#        D:\GIT\Micrium_STM32F4-DISCOVERY_OS3-TCPIP-HTTPc-No-Source\Micrium\Examples\ST\STM32F4-DISCOVERY\OS3-TCPIP-HTTPc\IAR-No-Source\FLASH\Obj\os_cpu_c.o
#        D:\GIT\Micrium_STM32F4-DISCOVERY_OS3-TCPIP-HTTPc-No-Source\Micrium\Examples\ST\STM32F4-DISCOVERY\OS3-TCPIP-HTTPc\IAR-No-Source\FLASH\Obj\os_dbg.o
#        D:\GIT\Micrium_STM32F4-DISCOVERY_OS3-TCPIP-HTTPc-No-Source\Micrium\Examples\ST\STM32F4-DISCOVERY\OS3-TCPIP-HTTPc\IAR-No-Source\FLASH\Obj\os_flag.o
#        D:\GIT\Micrium_STM32F4-DISCOVERY_OS3-TCPIP-HTTPc-No-Source\Micrium\Examples\ST\STM32F4-DISCOVERY\OS3-TCPIP-HTTPc\IAR-No-Source\FLASH\Obj\os_int.o
#        D:\GIT\Micrium_STM32F4-DISCOVERY_OS3-TCPIP-HTTPc-No-Source\Micrium\Examples\ST\STM32F4-DISCOVERY\OS3-TCPIP-HTTPc\IAR-No-Source\FLASH\Obj\os_mem.o
#        D:\GIT\Micrium_STM32F4-DISCOVERY_OS3-TCPIP-HTTPc-No-Source\Micrium\Examples\ST\STM32F4-DISCOVERY\OS3-TCPIP-HTTPc\IAR-No-Source\FLASH\Obj\os_msg.o
#        D:\GIT\Micrium_STM32F4-DISCOVERY_OS3-TCPIP-HTTPc-No-Source\Micrium\Examples\ST\STM32F4-DISCOVERY\OS3-TCPIP-HTTPc\IAR-No-Source\FLASH\Obj\os_mutex.o
#        D:\GIT\Micrium_STM32F4-DISCOVERY_OS3-TCPIP-HTTPc-No-Source\Micrium\Examples\ST\STM32F4-DISCOVERY\OS3-TCPIP-HTTPc\IAR-No-Source\FLASH\Obj\os_pend_multi.o
#        D:\GIT\Micrium_STM32F4-DISCOVERY_OS3-TCPIP-HTTPc-No-Source\Micrium\Examples\ST\STM32F4-DISCOVERY\OS3-TCPIP-HTTPc\IAR-No-Source\FLASH\Obj\os_prio.o
#        D:\GIT\Micrium_STM32F4-DISCOVERY_OS3-TCPIP-HTTPc-No-Source\Micrium\Examples\ST\STM32F4-DISCOVERY\OS3-TCPIP-HTTPc\IAR-No-Source\FLASH\Obj\os_q.o
#        D:\GIT\Micrium_STM32F4-DISCOVERY_OS3-TCPIP-HTTPc-No-Source\Micrium\Examples\ST\STM32F4-DISCOVERY\OS3-TCPIP-HTTPc\IAR-No-Source\FLASH\Obj\os_sem.o
#        D:\GIT\Micrium_STM32F4-DISCOVERY_OS3-TCPIP-HTTPc-No-Source\Micrium\Examples\ST\STM32F4-DISCOVERY\OS3-TCPIP-HTTPc\IAR-No-Source\FLASH\Obj\os_stat.o
#        D:\GIT\Micrium_STM32F4-DISCOVERY_OS3-TCPIP-HTTPc-No-Source\Micrium\Examples\ST\STM32F4-DISCOVERY\OS3-TCPIP-HTTPc\IAR-No-Source\FLASH\Obj\os_task.o
#        D:\GIT\Micrium_STM32F4-DISCOVERY_OS3-TCPIP-HTTPc-No-Source\Micrium\Examples\ST\STM32F4-DISCOVERY\OS3-TCPIP-HTTPc\IAR-No-Source\FLASH\Obj\os_tick.o
#        D:\GIT\Micrium_STM32F4-DISCOVERY_OS3-TCPIP-HTTPc-No-Source\Micrium\Examples\ST\STM32F4-DISCOVERY\OS3-TCPIP-HTTPc\IAR-No-Source\FLASH\Obj\os_time.o
#        D:\GIT\Micrium_STM32F4-DISCOVERY_OS3-TCPIP-HTTPc-No-Source\Micrium\Examples\ST\STM32F4-DISCOVERY\OS3-TCPIP-HTTPc\IAR-No-Source\FLASH\Obj\os_tmr.o
#        D:\GIT\Micrium_STM32F4-DISCOVERY_OS3-TCPIP-HTTPc-No-Source\Micrium\Examples\ST\STM32F4-DISCOVERY\OS3-TCPIP-HTTPc\IAR-No-Source\FLASH\Obj\os_var.o
#        D:\GIT\Micrium_STM32F4-DISCOVERY_OS3-TCPIP-HTTPc-No-Source\Micrium\Examples\ST\STM32F4-DISCOVERY\OS3-TCPIP-HTTPc\IAR-No-Source\FLASH\Obj\stm32f4xx_adc.o
#        D:\GIT\Micrium_STM32F4-DISCOVERY_OS3-TCPIP-HTTPc-No-Source\Micrium\Examples\ST\STM32F4-DISCOVERY\OS3-TCPIP-HTTPc\IAR-No-Source\FLASH\Obj\stm32f4xx_can.o
#        D:\GIT\Micrium_STM32F4-DISCOVERY_OS3-TCPIP-HTTPc-No-Source\Micrium\Examples\ST\STM32F4-DISCOVERY\OS3-TCPIP-HTTPc\IAR-No-Source\FLASH\Obj\stm32f4xx_crc.o
#        D:\GIT\Micrium_STM32F4-DISCOVERY_OS3-TCPIP-HTTPc-No-Source\Micrium\Examples\ST\STM32F4-DISCOVERY\OS3-TCPIP-HTTPc\IAR-No-Source\FLASH\Obj\stm32f4xx_cryp.o
#        D:\GIT\Micrium_STM32F4-DISCOVERY_OS3-TCPIP-HTTPc-No-Source\Micrium\Examples\ST\STM32F4-DISCOVERY\OS3-TCPIP-HTTPc\IAR-No-Source\FLASH\Obj\stm32f4xx_cryp_aes.o
#        D:\GIT\Micrium_STM32F4-DISCOVERY_OS3-TCPIP-HTTPc-No-Source\Micrium\Examples\ST\STM32F4-DISCOVERY\OS3-TCPIP-HTTPc\IAR-No-Source\FLASH\Obj\stm32f4xx_cryp_des.o
#        D:\GIT\Micrium_STM32F4-DISCOVERY_OS3-TCPIP-HTTPc-No-Source\Micrium\Examples\ST\STM32F4-DISCOVERY\OS3-TCPIP-HTTPc\IAR-No-Source\FLASH\Obj\stm32f4xx_cryp_tdes.o
#        D:\GIT\Micrium_STM32F4-DISCOVERY_OS3-TCPIP-HTTPc-No-Source\Micrium\Examples\ST\STM32F4-DISCOVERY\OS3-TCPIP-HTTPc\IAR-No-Source\FLASH\Obj\stm32f4xx_dac.o
#        D:\GIT\Micrium_STM32F4-DISCOVERY_OS3-TCPIP-HTTPc-No-Source\Micrium\Examples\ST\STM32F4-DISCOVERY\OS3-TCPIP-HTTPc\IAR-No-Source\FLASH\Obj\stm32f4xx_dbgmcu.o
#        D:\GIT\Micrium_STM32F4-DISCOVERY_OS3-TCPIP-HTTPc-No-Source\Micrium\Examples\ST\STM32F4-DISCOVERY\OS3-TCPIP-HTTPc\IAR-No-Source\FLASH\Obj\stm32f4xx_dcmi.o
#        D:\GIT\Micrium_STM32F4-DISCOVERY_OS3-TCPIP-HTTPc-No-Source\Micrium\Examples\ST\STM32F4-DISCOVERY\OS3-TCPIP-HTTPc\IAR-No-Source\FLASH\Obj\stm32f4xx_dma.o
#        D:\GIT\Micrium_STM32F4-DISCOVERY_OS3-TCPIP-HTTPc-No-Source\Micrium\Examples\ST\STM32F4-DISCOVERY\OS3-TCPIP-HTTPc\IAR-No-Source\FLASH\Obj\stm32f4xx_exti.o
#        D:\GIT\Micrium_STM32F4-DISCOVERY_OS3-TCPIP-HTTPc-No-Source\Micrium\Examples\ST\STM32F4-DISCOVERY\OS3-TCPIP-HTTPc\IAR-No-Source\FLASH\Obj\stm32f4xx_flash.o
#        D:\GIT\Micrium_STM32F4-DISCOVERY_OS3-TCPIP-HTTPc-No-Source\Micrium\Examples\ST\STM32F4-DISCOVERY\OS3-TCPIP-HTTPc\IAR-No-Source\FLASH\Obj\stm32f4xx_fsmc.o
#        D:\GIT\Micrium_STM32F4-DISCOVERY_OS3-TCPIP-HTTPc-No-Source\Micrium\Examples\ST\STM32F4-DISCOVERY\OS3-TCPIP-HTTPc\IAR-No-Source\FLASH\Obj\stm32f4xx_gpio.o
#        D:\GIT\Micrium_STM32F4-DISCOVERY_OS3-TCPIP-HTTPc-No-Source\Micrium\Examples\ST\STM32F4-DISCOVERY\OS3-TCPIP-HTTPc\IAR-No-Source\FLASH\Obj\stm32f4xx_hash.o
#        D:\GIT\Micrium_STM32F4-DISCOVERY_OS3-TCPIP-HTTPc-No-Source\Micrium\Examples\ST\STM32F4-DISCOVERY\OS3-TCPIP-HTTPc\IAR-No-Source\FLASH\Obj\stm32f4xx_hash_md5.o
#        D:\GIT\Micrium_STM32F4-DISCOVERY_OS3-TCPIP-HTTPc-No-Source\Micrium\Examples\ST\STM32F4-DISCOVERY\OS3-TCPIP-HTTPc\IAR-No-Source\FLASH\Obj\stm32f4xx_hash_sha1.o
#        D:\GIT\Micrium_STM32F4-DISCOVERY_OS3-TCPIP-HTTPc-No-Source\Micrium\Examples\ST\STM32F4-DISCOVERY\OS3-TCPIP-HTTPc\IAR-No-Source\FLASH\Obj\stm32f4xx_i2c.o
#        D:\GIT\Micrium_STM32F4-DISCOVERY_OS3-TCPIP-HTTPc-No-Source\Micrium\Examples\ST\STM32F4-DISCOVERY\OS3-TCPIP-HTTPc\IAR-No-Source\FLASH\Obj\stm32f4xx_iwdg.o
#        D:\GIT\Micrium_STM32F4-DISCOVERY_OS3-TCPIP-HTTPc-No-Source\Micrium\Examples\ST\STM32F4-DISCOVERY\OS3-TCPIP-HTTPc\IAR-No-Source\FLASH\Obj\stm32f4xx_pwr.o
#        D:\GIT\Micrium_STM32F4-DISCOVERY_OS3-TCPIP-HTTPc-No-Source\Micrium\Examples\ST\STM32F4-DISCOVERY\OS3-TCPIP-HTTPc\IAR-No-Source\FLASH\Obj\stm32f4xx_rcc.o
#        D:\GIT\Micrium_STM32F4-DISCOVERY_OS3-TCPIP-HTTPc-No-Source\Micrium\Examples\ST\STM32F4-DISCOVERY\OS3-TCPIP-HTTPc\IAR-No-Source\FLASH\Obj\stm32f4xx_rng.o
#        D:\GIT\Micrium_STM32F4-DISCOVERY_OS3-TCPIP-HTTPc-No-Source\Micrium\Examples\ST\STM32F4-DISCOVERY\OS3-TCPIP-HTTPc\IAR-No-Source\FLASH\Obj\stm32f4xx_rtc.o
#        D:\GIT\Micrium_STM32F4-DISCOVERY_OS3-TCPIP-HTTPc-No-Source\Micrium\Examples\ST\STM32F4-DISCOVERY\OS3-TCPIP-HTTPc\IAR-No-Source\FLASH\Obj\stm32f4xx_sdio.o
#        D:\GIT\Micrium_STM32F4-DISCOVERY_OS3-TCPIP-HTTPc-No-Source\Micrium\Examples\ST\STM32F4-DISCOVERY\OS3-TCPIP-HTTPc\IAR-No-Source\FLASH\Obj\stm32f4xx_spi.o
#        D:\GIT\Micrium_STM32F4-DISCOVERY_OS3-TCPIP-HTTPc-No-Source\Micrium\Examples\ST\STM32F4-DISCOVERY\OS3-TCPIP-HTTPc\IAR-No-Source\FLASH\Obj\stm32f4xx_syscfg.o
#        D:\GIT\Micrium_STM32F4-DISCOVERY_OS3-TCPIP-HTTPc-No-Source\Micrium\Examples\ST\STM32F4-DISCOVERY\OS3-TCPIP-HTTPc\IAR-No-Source\FLASH\Obj\stm32f4xx_tim.o
#        D:\GIT\Micrium_STM32F4-DISCOVERY_OS3-TCPIP-HTTPc-No-Source\Micrium\Examples\ST\STM32F4-DISCOVERY\OS3-TCPIP-HTTPc\IAR-No-Source\FLASH\Obj\stm32f4xx_usart.o
#        D:\GIT\Micrium_STM32F4-DISCOVERY_OS3-TCPIP-HTTPc-No-Source\Micrium\Examples\ST\STM32F4-DISCOVERY\OS3-TCPIP-HTTPc\IAR-No-Source\FLASH\Obj\stm32f4xx_wwdg.o
#        D:\GIT\Micrium_STM32F4-DISCOVERY_OS3-TCPIP-HTTPc-No-Source\Micrium\Examples\ST\STM32F4-DISCOVERY\OS3-TCPIP-HTTPc\IAR-No-Source\FLASH\Obj\trace_cfg.o
#        -o
#        D:\GIT\Micrium_STM32F4-DISCOVERY_OS3-TCPIP-HTTPc-No-Source\Micrium\Examples\ST\STM32F4-DISCOVERY\OS3-TCPIP-HTTPc\IAR-No-Source\FLASH\Exe\OS3-TCPIP-HTTPc-No-Source.out
#        --map
#        D:\GIT\Micrium_STM32F4-DISCOVERY_OS3-TCPIP-HTTPc-No-Source\Micrium\Examples\ST\STM32F4-DISCOVERY\OS3-TCPIP-HTTPc\IAR-No-Source\FLASH\List\OS3-TCPIP-HTTPc-No-Source.map
#        --config
#        D:\GIT\Micrium_STM32F4-DISCOVERY_OS3-TCPIP-HTTPc-No-Source\Micrium\Examples\ST\STM32F4-DISCOVERY\OS3-TCPIP-HTTPc\IAR-No-Source\..\..\BSP\IAR\STM32F4xx_FLASH.icf
#        --semihosting --entry __iar_program_start --redirect
#        __write=__write_buffered --vfe
#
###############################################################################

*******************************************************************************
*** RUNTIME MODEL ATTRIBUTES
***

CppFlavor       = *
__Heap_Handler  = Basic
__SystemLibrary = DLib


*******************************************************************************
*** PLACEMENT SUMMARY
***

"A1":  place at 0x08000000 { ro section .intvec };
"P1":  place in [from 0x08000200 to 0x080fffff] { ro };
"P2":  place in [from 0x20000000 to 0x2001ffff] { rw, block CSTACK, block HEAP };

  Section             Kind        Address     Size  Object
  -------             ----        -------     ----  ------
"A1":                                        0x188
  .intvec             const    0x08000000    0x188  cstartup.o [1]
                             - 0x08000188    0x188

"P1":                                      0x2f860
  .text               ro code  0x08000200   0x8cc0  net_tcp.o [3]
  .text               ro code  0x08008ec0    0x7b2  net_util.o [3]
  .text               ro code  0x08009672    0x1ae  net_stat.o [3]
  .text               ro code  0x08009820    0x9a0  kal.o [1]
  .text               ro code  0x0800a1c0     0x36  net_ctr.o [3]
  .rodata             const    0x0800a1f6      0x2  os_cfg_app.o [1]
  .text               ro code  0x0800a1f8    0x378  net.o [3]
  .text               ro code  0x0800a570    0xcec  net_buf.o [3]
  .text               ro code  0x0800b25c    0x2b0  net_tmr.o [3]
  .text               ro code  0x0800b50c    0xfaa  net_conn.o [3]
  .rodata             const    0x0800c4b6      0x2  os_dbg.o [1]
  .text               ro code  0x0800c4b8    0x100  cpu_core.o [1]
  .text               ro code  0x0800c5b8    0x834  lib_mem.o [1]
  .text               ro code  0x0800cdec    0xd6c  net_icmpv4.o [3]
  .text               ro code  0x0800db58   0x5994  net_sock.o [3]
  .text               ro code  0x080134ec   0x1f8c  net_if.o [3]
  .text               ro code  0x08015478   0x3678  net_ipv4.o [3]
  .text               ro code  0x08018af0     0x48  lib_math.o [1]
  .text               ro code  0x08018b38    0x1f4  os_time.o [1]
  .text               ro code  0x08018d2c    0xccc  os_task.o [1]
  .text               ro code  0x080199f8    0x420  os_mutex.o [1]
  .text               ro code  0x08019e18    0x4ce  os_sem.o [1]
  .rodata             const    0x0801a2e6      0x2  os_dbg.o [1]
  .text               ro code  0x0801a2e8    0x31a  os_q.o [1]
  .text               ro code  0x0801a602    0x28a  net_mgr.o [3]
  .text               ro code  0x0801a88c     0x14  net_ip.o [3]
  .text               ro code  0x0801a8a0    0x200  net_icmp.o [3]
  .text               ro code  0x0801aaa0    0x69c  net_igmp.o [3]
  .text               ro code  0x0801b13c    0xa00  net_udp.o [3]
  .text               ro code  0x0801bb3c   0x1110  net_arp.o [3]
  CODE                ro code  0x0801cc4c    0x220  lib_mem_a.o [1]
  .text               ro code  0x0801ce6c    0x928  lib_str.o [1]
  .text               ro code  0x0801d794    0x290  bsp.o [1]
  .text               ro code  0x0801da24    0x482  net_if_ether.o [3]
  .rodata             const    0x0801dea6      0x2  os_dbg.o [1]
  .text               ro code  0x0801dea8    0x4b4  os_tick.o [1]
  .text               ro code  0x0801e35c    0xb9c  os_core.o [1]
  .text               ro code  0x0801eef8    0x378  os_cpu_c.o [1]
  .text               ro code  0x0801f270    0x25c  os_msg.o [1]
  .text               ro code  0x0801f4cc     0xa0  os_prio.o [1]
  .text               ro code  0x0801f56c    0x530  net_cache.o [3]
  .text               ro code  0x0801fa9c    0x124  lib_ascii.o [1]
  .text               ro code  0x0801fbc0    0x3be  bsp_int.o [1]
  .rodata             const    0x0801ff7e      0x2  os_dbg.o [1]
  .text               ro code  0x0801ff80    0x340  stm32f4xx_rcc.o [1]
  .text               ro code  0x080202c0     0x38  stm32f4xx_flash.o [1]
  .text               ro code  0x080202f8     0xe0  bsp_periph.o [1]
  .text               ro code  0x080203d8    0x112  stm32f4xx_gpio.o [1]
  .rodata             const    0x080204ea      0x2  os_dbg.o [1]
  .text               ro code  0x080204ec    0xb8e  net_if_802x.o [3]
  .rodata             const    0x0802107a      0x2  os_dbg.o [1]
  .text               ro code  0x0802107c     0x1c  os_flag.o [1]
  .text               ro code  0x08021098     0x1c  os_mem.o [1]
  .text               ro code  0x080210b4    0x544  os_stat.o [1]
  .text               ro code  0x080215f8    0x39c  os_tmr.o [1]
  .text               ro code  0x08021994    0x22c  os_dbg.o [1]
  .text               ro code  0x08021bc0     0xb8  os_cfg_app.o [1]
  CODE                ro code  0x08021c78    0x10c  os_cpu_a.o [1]
  CODE                ro code  0x08021d84     0x34  cpu_a.o [1]
  .text               ro code  0x08021db8    0x120  cpu_c.o [1]
  .text               ro code  0x08021ed8   0x1ea2  dhcp-c.o [3]
  .rodata             const    0x08023d7a      0x2  os_dbg.o [1]
  .text               ro code  0x08023d7c    0x350  dhcp-c_os.o [3]
  .text               ro code  0x080240cc    0xac8  net_app.o [3]
  .text               ro code  0x08024b94     0x1c  I32ToDbl.o [5]
  .text               ro code  0x08024bb0    0x1a2  DblMul.o [5]
  .rodata             const    0x08024d52      0x2  os_dbg.o [1]
  .text               ro code  0x08024d54     0x2c  DblToI32.o [5]
  .text               ro code  0x08024d80    0x1cc  dns-c.o [3]
  .text               ro code  0x08024f4c    0x9ba  dns-c_cache.o [3]
  .rodata             const    0x08025906      0x2  os_dbg.o [1]
  .text               ro code  0x08025908    0x6c4  dns-c_req.o [3]
  .text               ro code  0x08025fcc     0x7c  dns-c_task.o [3]
  .text               ro code  0x08026048    0x650  net_ascii.o [3]
  .text               ro code  0x08026698     0x76  ABImemcpy_unaligned.o [6]
  .rodata             const    0x0802670e      0x2  os_dbg.o [1]
  .text               ro code  0x08026710   0x1b28  http-c_req.o [3]
  .text               ro code  0x08028238    0x306  http.o [3]
  .text               ro code  0x0802853e    0x86a  http-c_sock.o [3]
  .text               ro code  0x08028da8    0xd04  net_dev_gmac.o [3]
  .text               ro code  0x08029aac    0xbf2  xprintflarge_nomb.o [4]
  .rodata             const    0x0802a69e      0x2  os_dbg.o [1]
  .text               ro code  0x0802a6a0     0x16  strchr.o [6]
  .rodata             const    0x0802a6b6      0x2  os_dbg.o [1]
  .text               ro code  0x0802a6b8     0x36  strlen.o [6]
  .rodata             const    0x0802a6ee      0x2  os_dbg.o [1]
  .text               ro code  0x0802a6f0     0x58  memchr.o [6]
  .text               ro code  0x0802a748     0xee  I64DivMod.o [6]
  .text               ro code  0x0802a836     0x42  xdnorm.o [5]
  .text               ro code  0x0802a878     0x2e  DblCmpLe.o [5]
  .rodata             const    0x0802a8a6      0x2  os_dbg.o [1]
  .text               ro code  0x0802a8a8    0x256  DblDiv.o [5]
  .rodata             const    0x0802aafe      0x2  os_dbg.o [1]
  .text               ro code  0x0802ab00    0x180  DblSub.o [5]
  .text               ro code  0x0802ac80     0x6c  localeconv.o [4]
  .text               ro code  0x0802acec      0xe  div.o [4]
  .rodata             const    0x0802acfa      0x2  os_dbg.o [1]
  .text               ro code  0x0802acfc      0x2  I64DivZer.o [6]
  .rodata             const    0x0802acfe      0x2  os_dbg.o [1]
  .text               ro code  0x0802ad00     0xe8  DblAdd.o [5]
  .text               ro code  0x0802ade8      0x2  xtls.o [4]
  .rodata             const    0x0802adea      0x2  os_dbg.o [1]
  .text               ro code  0x0802adec    0x7b4  http-c_resp.o [3]
  .text               ro code  0x0802b5a0    0x690  http-c.o [3]
  .text               ro code  0x0802bc30    0x424  http-c_conn.o [3]
  .text               ro code  0x0802c054    0x594  net_phy.o [3]
  .text               ro code  0x0802c5e8    0x320  app_tcpip.o [1]
  .text               ro code  0x0802c908     0x24  printf.o [4]
  .rodata             const    0x0802c92c    0x234  http-c_req.o [3]
  .rodata             const    0x0802cb60    0x234  http-c_resp.o [3]
  .text               ro code  0x0802cd94    0x1f0  net_bsp.o [1]
  .text               ro code  0x0802cf84      0xc  stm32f4xx_syscfg.o [1]
  .text               ro code  0x0802cf90    0x1e0  http-c_hooks.o [1]
  .text               ro code  0x0802d170    0x1d8  http-c_app.o [1]
  .rodata             const    0x0802d348    0x174  http-c_resp.o [3]
  .rodata             const    0x0802d4bc    0x174  http-c_resp.o [3]
  .text               ro code  0x0802d630     0xe0  app.o [1]
  .text               ro code  0x0802d710     0x20  app_dns-c.o [1]
  .text               ro code  0x0802d730     0xe0  XShHandles.o [4]
  .text               ro code  0x0802d810     0xd6  xfspos.o [4]
  .rodata             const    0x0802d8e6      0x2  os_dbg.o [1]
  .text               ro code  0x0802d8e8     0xb0  fflush.o [4]
  .text               ro code  0x0802d998      0xa  xfgpos.o [4]
  .text               ro code  0x0802d9a2     0x4c  lseek.o [7]
  .rodata             const    0x0802d9ee      0x2  os_dbg.o [1]
  .text               ro code  0x0802d9f0      0xc  errno.o [4]
  .text               ro code  0x0802d9fc      0x4  xsyslock_nop.o [4]
  .text               ro code  0x0802da00     0xc0  xxwritebuffered.o [4]
  .text               ro code  0x0802dac0     0x1e  dwrite.o [7]
  .text               ro code  0x0802dade     0x20  iarwstd.o [7]
  .text               ro code  0x0802dafe     0x22  iarwrite.o [7]
  .text               ro code  0x0802db20     0x6c  iarttio.o [7]
  .text               ro code  0x0802db8c      0x8  XShttio.o [4]
  .text               ro code  0x0802db94     0xd0  packbits_init.o [6]
  .text               ro code  0x0802dc64      0x6  abort.o [4]
  .rodata             const    0x0802dc6a      0x2  os_dbg.o [1]
  .text               ro code  0x0802dc6c     0x14  exit.o [7]
  .text               ro code  0x0802dc80     0xb6  xfwprep.o [4]
  .rodata             const    0x0802dd36      0x1  os_cfg_app.o [1]
  .rodata             const    0x0802dd37      0x1  os_cfg_app.o [1]
  .text               ro code  0x0802dd38     0xb0  xxmemxmalloc.o [4]
  .text               ro code  0x0802dde8     0x22  fseek.o [4]
  .rodata             const    0x0802de0a      0x1  os_cfg_app.o [1]
  .rodata             const    0x0802de0b      0x1  os_dbg.o [1]
  .text               ro code  0x0802de0c     0x80  xxmemxfree.o [4]
  .text               ro code  0x0802de8c     0x2c  xgetmemchunk.o [4]
  .rodata             const    0x0802deb8     0x9c  http-c_req.o [3]
  .rodata             const    0x0802df54     0x9c  http-c_resp.o [3]
  .rodata             const    0x0802dff0     0x94  lib_str.o [1]
  .text               ro code  0x0802e084     0x7c  xfofind.o [4]
  .text               ro code  0x0802e100     0x7a  fclose.o [4]
  .text               ro code  0x0802e17a     0x1a  close.o [7]
  .text               ro code  0x0802e194     0x16  remove.o [7]
  .rodata             const    0x0802e1aa      0x1  os_dbg.o [1]
  .rodata             const    0x0802e1ab      0x1  os_dbg.o [1]
  .text               ro code  0x0802e1ac     0x58  xcloseall.o [4]
  .text               ro code  0x0802e204     0x56  fputc.o [4]
  .rodata             const    0x0802e25a      0x1  os_dbg.o [1]
  .rodata             const    0x0802e25b      0x1  os_dbg.o [1]
  .rodata             const    0x0802e25c     0x54  http-c_req.o [3]
  .rodata             const    0x0802e2b0     0x48  app_tcpip.o [1]
  .rodata             const    0x0802e2f8     0x48  app_tcpip.o [1]
  .rodata             const    0x0802e340     0x48  app_tcpip.o [1]
  .rodata             const    0x0802e388     0x44  net_dev_cfg.o [1]
  .rodata             const    0x0802e3cc     0x44  net_if_ether.o [3]
  .text               ro code  0x0802e410     0x40  zero_init3.o [6]
  .rodata             const    0x0802e450     0x3c  app_tcpip.o [1]
  .text               ro code  0x0802e48c     0x3c  cstartup.o [1]
  .text               ro code  0x0802e4c8      0xc  cstartup_M.o [6]
  .text               ro code  0x0802e4d4     0x22  fpinit_M.o [5]
  .rodata             const    0x0802e4f6      0x1  os_dbg.o [1]
  .rodata             const    0x0802e4f7      0x1  os_dbg.o [1]
  .text               ro code  0x0802e4f8     0x1a  cmain.o [6]
  .text               ro code  0x0802e512      0x4  low_level_init.o [4]
  .rodata             const    0x0802e516      0x1  os_dbg.o [1]
  .rodata             const    0x0802e517      0x1  os_dbg.o [1]
  .text               ro code  0x0802e518     0x28  data_init.o [6]
  .text               ro code  0x0802e540      0x4  exit.o [4]
  .text               ro code  0x0802e544      0xe  cexit.o [6]
  .rodata             const    0x0802e552      0x1  os_dbg.o [1]
  .rodata             const    0x0802e553      0x1  os_dbg.o [1]
  .rodata             const    0x0802e554     0x34  app_tcpip.o [1]
  .rodata             const    0x0802e588     0x30  os_dbg.o [1]
  .rodata             const    0x0802e5b8     0x30  os_dbg.o [1]
  .rodata             const    0x0802e5e8     0x30  os_dbg.o [1]
  .rodata             const    0x0802e618     0x2c  app_tcpip.o [1]
  .rodata             const    0x0802e644     0x2c  net_dev_gmac.o [3]
  .rodata             const    0x0802e670     0x28  app_tcpip.o [1]
  .rodata             const    0x0802e698     0x28  app_tcpip.o [1]
  .rodata             const    0x0802e6c0     0x28  app_tcpip.o [1]
  .rodata             const    0x0802e6e8     0x28  http-c_hooks.o [1]
  .rodata             const    0x0802e710     0x28  os_dbg.o [1]
  .rodata             const    0x0802e738     0x28  os_dbg.o [1]
  .rodata             const    0x0802e760     0x24  app.o [1]
  .rodata             const    0x0802e784     0x24  app_tcpip.o [1]
  .rodata             const    0x0802e7a8     0x24  app_tcpip.o [1]
  .rodata             const    0x0802e7cc     0x24  app_tcpip.o [1]
  .rodata             const    0x0802e7f0     0x24  app_tcpip.o [1]
  .rodata             const    0x0802e814     0x24  app_tcpip.o [1]
  .rodata             const    0x0802e838     0x24  lib_mem.o [1]
  .rodata             const    0x0802e85c     0x24  http-c_req.o [3]
  .rodata             const    0x0802e880     0x24  http-c_req.o [3]
  .rodata             const    0x0802e8a4     0x24  http-c_resp.o [3]
  .rodata             const    0x0802e8c8     0x24  http-c_resp.o [3]
  .iar.init_table     const    0x0802e8ec     0x2c  - Linker created -
  .rodata             const    0x0802e918     0x20  app.o [1]
  .rodata             const    0x0802e938     0x20  app.o [1]
  .rodata             const    0x0802e958     0x20  app.o [1]
  .rodata             const    0x0802e978     0x20  app_tcpip.o [1]
  .rodata             const    0x0802e998     0x20  app_tcpip.o [1]
  .rodata             const    0x0802e9b8     0x20  app_tcpip.o [1]
  .rodata             const    0x0802e9d8     0x20  os_dbg.o [1]
  .rodata             const    0x0802e9f8     0x20  http-c_resp.o [3]
  .rodata             const    0x0802ea18     0x1c  app_tcpip.o [1]
  .rodata             const    0x0802ea34     0x1c  net_if.o [3]
  .rodata             const    0x0802ea50     0x1c  dns-c_cache.o [3]
  .rodata             const    0x0802ea6c     0x1c  dns-c_cache.o [3]
  .rodata             const    0x0802ea88     0x1c  dns-c_cache.o [3]
  .rodata             const    0x0802eaa4     0x1c  http-c_req.o [3]
  .rodata             const    0x0802eac0     0x1c  http-c_resp.o [3]
  .rodata             const    0x0802eadc     0x1c  http-c_resp.o [3]
  .rodata             const    0x0802eaf8     0x1c  http-c_resp.o [3]
  .rodata             const    0x0802eb14     0x18  app_tcpip.o [1]
  .rodata             const    0x0802eb2c     0x18  app_tcpip.o [1]
  .rodata             const    0x0802eb44     0x18  app_tcpip.o [1]
  .rodata             const    0x0802eb5c     0x18  app_tcpip.o [1]
  .rodata             const    0x0802eb74     0x18  http-c_app.o [1]
  .rodata             const    0x0802eb8c     0x18  os_tmr.o [1]
  .rodata             const    0x0802eba4     0x18  net_if.o [3]
  .rodata             const    0x0802ebbc     0x18  dns-c_cache.o [3]
  .rodata             const    0x0802ebd4     0x18  net_sock.o [3]
  .rodata             const    0x0802ebec     0x18  net_icmp.o [3]
  .rodata             const    0x0802ec04     0x18  net_icmp.o [3]
  .rodata             const    0x0802ec1c     0x18  http-c_req.o [3]
  .rodata             const    0x0802ec34     0x18  http-c_resp.o [3]
  .rodata             const    0x0802ec4c     0x18  http-c_resp.o [3]
  .rodata             const    0x0802ec64     0x18  http-c_resp.o [3]
  .rodata             const    0x0802ec7c     0x18  http-c_resp.o [3]
  .text               ro code  0x0802ec94     0x16  xprout.o [4]
  .rodata             const    0x0802ecaa      0x1  os_dbg.o [1]
  .rodata             const    0x0802ecab      0x1  os_dbg.o [1]
  .text               ro code  0x0802ecac      0xc  putchar.o [4]
  .rodata             const    0x0802ecb8     0x14  dns-c_cfg.o [1]
  .rodata             const    0x0802eccc     0x14  http-c_app.o [1]
  .rodata             const    0x0802ece0     0x14  http-c_app.o [1]
  .rodata             const    0x0802ecf4     0x14  http-c_app.o [1]
  .rodata             const    0x0802ed08     0x14  http-c_app.o [1]
  .rodata             const    0x0802ed1c     0x14  kal.o [1]
  .rodata             const    0x0802ed30     0x14  kal.o [1]
  .rodata             const    0x0802ed44     0x14  lib_mem.o [1]
  .rodata             const    0x0802ed58     0x14  os_core.o [1]
  .rodata             const    0x0802ed6c     0x14  os_stat.o [1]
  .rodata             const    0x0802ed80     0x14  os_tick.o [1]
  .rodata             const    0x0802ed94     0x14  net_if.o [3]
  .rodata             const    0x0802eda8     0x14  net_if.o [3]
  .rodata             const    0x0802edbc     0x14  net_if.o [3]
  .rodata             const    0x0802edd0     0x14  net_phy.o [3]
  .rodata             const    0x0802ede4     0x14  dhcp-c_os.o [3]
  .rodata             const    0x0802edf8     0x14  dhcp-c_os.o [3]
  .rodata             const    0x0802ee0c     0x14  dhcp-c_os.o [3]
  .rodata             const    0x0802ee20     0x14  net_sock.o [3]
  .rodata             const    0x0802ee34     0x14  net_sock.o [3]
  .rodata             const    0x0802ee48     0x14  net_sock.o [3]
  .rodata             const    0x0802ee5c     0x14  net_sock.o [3]
  .rodata             const    0x0802ee70     0x14  net_tcp.o [3]
  .rodata             const    0x0802ee84     0x14  net_tcp.o [3]
  .rodata             const    0x0802ee98     0x14  http-c_req.o [3]
  .rodata             const    0x0802eeac     0x14  http-c_req.o [3]
  .rodata             const    0x0802eec0     0x14  http-c_req.o [3]
  .rodata             const    0x0802eed4     0x14  http-c_req.o [3]
  .rodata             const    0x0802eee8     0x14  http-c_req.o [3]
  .rodata             const    0x0802eefc     0x14  http-c_req.o [3]
  .rodata             const    0x0802ef10     0x14  http-c_req.o [3]
  .rodata             const    0x0802ef24     0x14  http-c_req.o [3]
  .rodata             const    0x0802ef38     0x14  http-c_req.o [3]
  .rodata             const    0x0802ef4c     0x14  http-c_req.o [3]
  .rodata             const    0x0802ef60     0x14  http-c_req.o [3]
  .rodata             const    0x0802ef74     0x14  http-c_resp.o [3]
  .rodata             const    0x0802ef88     0x14  http-c_resp.o [3]
  .rodata             const    0x0802ef9c     0x14  http-c_resp.o [3]
  .rodata             const    0x0802efb0     0x14  http-c_resp.o [3]
  .rodata             const    0x0802efc4     0x14  http-c_resp.o [3]
  .rodata             const    0x0802efd8     0x14  http-c_resp.o [3]
  .rodata             const    0x0802efec     0x14  http-c_resp.o [3]
  .rodata             const    0x0802f000     0x14  http-c_resp.o [3]
  .rodata             const    0x0802f014     0x14  http-c_resp.o [3]
  .rodata             const    0x0802f028     0x14  http-c_resp.o [3]
  .rodata             const    0x0802f03c     0x14  http-c_resp.o [3]
  .rodata             const    0x0802f050     0x14  http-c_resp.o [3]
  .rodata             const    0x0802f064     0x14  http-c_resp.o [3]
  .rodata             const    0x0802f078     0x14  http-c_resp.o [3]
  .rodata             const    0x0802f08c     0x14  http-c_resp.o [3]
  .rodata             const    0x0802f0a0     0x14  http-c_resp.o [3]
  .rodata             const    0x0802f0b4     0x10  app.o [1]
  .rodata             const    0x0802f0c4     0x10  kal.o [1]
  .rodata             const    0x0802f0d4     0x10  kal.o [1]
  .rodata             const    0x0802f0e4     0x10  kal.o [1]
  .rodata             const    0x0802f0f4     0x10  kal.o [1]
  .rodata             const    0x0802f104     0x10  net_bsp.o [1]
  .rodata             const    0x0802f114     0x10  os_tmr.o [1]
  .rodata             const    0x0802f124     0x10  net_if.o [3]
  .rodata             const    0x0802f134     0x10  net.o [3]
  .rodata             const    0x0802f144     0x10  net.o [3]
  .rodata             const    0x0802f154     0x10  dhcp-c_os.o [3]
  .rodata             const    0x0802f164     0x10  net_sock.o [3]
  .rodata             const    0x0802f174     0x10  net_tmr.o [3]
  .rodata             const    0x0802f184     0x10  net_icmp.o [3]
  .rodata             const    0x0802f194     0x10  http-c_req.o [3]
  .rodata             const    0x0802f1a4     0x10  http-c_req.o [3]
  .rodata             const    0x0802f1b4     0x10  http-c_req.o [3]
  .rodata             const    0x0802f1c4     0x10  http-c_req.o [3]
  .rodata             const    0x0802f1d4     0x10  http-c_req.o [3]
  .rodata             const    0x0802f1e4     0x10  http-c_req.o [3]
  .rodata             const    0x0802f1f4     0x10  http-c_req.o [3]
  .rodata             const    0x0802f204     0x10  http-c_req.o [3]
  .rodata             const    0x0802f214     0x10  http-c_req.o [3]
  .rodata             const    0x0802f224     0x10  http-c_req.o [3]
  .rodata             const    0x0802f234     0x10  http-c_req.o [3]
  .rodata             const    0x0802f244     0x10  http-c_req.o [3]
  .rodata             const    0x0802f254     0x10  http-c_req.o [3]
  .rodata             const    0x0802f264     0x10  http-c_req.o [3]
  .rodata             const    0x0802f274     0x10  http-c_req.o [3]
  .rodata             const    0x0802f284     0x10  http-c_resp.o [3]
  .rodata             const    0x0802f294     0x10  http-c_resp.o [3]
  .rodata             const    0x0802f2a4     0x10  http-c_resp.o [3]
  .rodata             const    0x0802f2b4     0x10  http-c_resp.o [3]
  .rodata             const    0x0802f2c4     0x10  http-c_resp.o [3]
  .rodata             const    0x0802f2d4     0x10  http-c_resp.o [3]
  .rodata             const    0x0802f2e4     0x10  http-c_resp.o [3]
  .rodata             const    0x0802f2f4     0x10  http-c_resp.o [3]
  .rodata             const    0x0802f304     0x10  http-c_resp.o [3]
  .rodata             const    0x0802f314     0x10  http-c_resp.o [3]
  .rodata             const    0x0802f324     0x10  http-c_resp.o [3]
  .rodata             const    0x0802f334     0x10  http-c_resp.o [3]
  .rodata             const    0x0802f344     0x10  http-c_resp.o [3]
  .rodata             const    0x0802f354     0x10  http-c_resp.o [3]
  .rodata             const    0x0802f364     0x10  http-c_resp.o [3]
  .rodata             const    0x0802f374     0x10  http-c_resp.o [3]
  .rodata             const    0x0802f384     0x10  http-c_resp.o [3]
  .rodata             const    0x0802f394     0x10  http-c_resp.o [3]
  .rodata             const    0x0802f3a4     0x10  http-c_resp.o [3]
  .rodata             const    0x0802f3b4     0x10  http-c_resp.o [3]
  .rodata             const    0x0802f3c4      0xc  app.o [1]
  .rodata             const    0x0802f3d0      0xc  kal.o [1]
  .rodata             const    0x0802f3dc      0xc  net_cfg.o [1]
  .rodata             const    0x0802f3e8      0xc  net_cfg.o [1]
  .rodata             const    0x0802f3f4      0xc  net_cfg.o [1]
  .rodata             const    0x0802f400      0xc  os_core.o [1]
  .rodata             const    0x0802f40c      0xc  net_if.o [3]
  .rodata             const    0x0802f418      0xc  dns-c_cache.o [3]
  .rodata             const    0x0802f424      0xc  dhcp-c_os.o [3]
  .rodata             const    0x0802f430      0xc  dhcp-c_os.o [3]
  .rodata             const    0x0802f43c      0xc  http-c_req.o [3]
  .rodata             const    0x0802f448      0xc  http-c_req.o [3]
  .rodata             const    0x0802f454      0xc  http-c_req.o [3]
  .rodata             const    0x0802f460      0xc  http-c_req.o [3]
  .rodata             const    0x0802f46c      0xc  http-c_req.o [3]
  .rodata             const    0x0802f478      0xc  http-c_req.o [3]
  .rodata             const    0x0802f484      0xc  http-c_req.o [3]
  .rodata             const    0x0802f490      0xc  http-c_req.o [3]
  .rodata             const    0x0802f49c      0xc  http-c_req.o [3]
  .rodata             const    0x0802f4a8      0xc  http-c_req.o [3]
  .rodata             const    0x0802f4b4      0xc  http-c_req.o [3]
  .rodata             const    0x0802f4c0      0xc  http-c_req.o [3]
  .rodata             const    0x0802f4cc      0xc  http-c_req.o [3]
  .rodata             const    0x0802f4d8      0xc  http-c_req.o [3]
  .rodata             const    0x0802f4e4      0xc  http-c_req.o [3]
  .rodata             const    0x0802f4f0      0xc  http-c_req.o [3]
  .rodata             const    0x0802f4fc      0xc  http-c_req.o [3]
  .rodata             const    0x0802f508      0xc  http-c_req.o [3]
  .rodata             const    0x0802f514      0xc  http-c_req.o [3]
  .rodata             const    0x0802f520      0xc  http-c_req.o [3]
  .rodata             const    0x0802f52c      0xc  http-c_req.o [3]
  .rodata             const    0x0802f538      0xc  http-c_req.o [3]
  .rodata             const    0x0802f544      0xc  http-c_req.o [3]
  .rodata             const    0x0802f550      0xc  http-c_resp.o [3]
  .rodata             const    0x0802f55c      0xc  http-c_resp.o [3]
  .rodata             const    0x0802f568      0xc  http-c_resp.o [3]
  .rodata             const    0x0802f574      0xc  http-c_resp.o [3]
  .rodata             const    0x0802f580      0xc  http-c_resp.o [3]
  .rodata             const    0x0802f58c      0xc  http-c_resp.o [3]
  .rodata             const    0x0802f598      0xc  http-c_resp.o [3]
  .rodata             const    0x0802f5a4      0xc  http-c_resp.o [3]
  .rodata             const    0x0802f5b0      0xc  http-c_resp.o [3]
  .rodata             const    0x0802f5bc      0xc  http-c_resp.o [3]
  .rodata             const    0x0802f5c8      0xc  http-c_resp.o [3]
  .rodata             const    0x0802f5d4      0xc  http-c_resp.o [3]
  .rodata             const    0x0802f5e0      0xc  http-c_resp.o [3]
  .rodata             const    0x0802f5ec      0xc  http-c_resp.o [3]
  .rodata             const    0x0802f5f8      0xc  http-c_resp.o [3]
  .rodata             const    0x0802f604      0xc  http-c_resp.o [3]
  .rodata             const    0x0802f610      0xc  http-c_resp.o [3]
  .rodata             const    0x0802f61c      0xc  http-c_resp.o [3]
  .rodata             const    0x0802f628      0xc  http-c_resp.o [3]
  .rodata             const    0x0802f634      0xc  http-c_resp.o [3]
  .rodata             const    0x0802f640      0xc  http-c_resp.o [3]
  .rodata             const    0x0802f64c      0xc  http-c_resp.o [3]
  .rodata             const    0x0802f658      0xc  http-c_resp.o [3]
  .rodata             const    0x0802f664      0xc  http-c_resp.o [3]
  .rodata             const    0x0802f670      0xc  http-c_resp.o [3]
  .rodata             const    0x0802f67c      0xc  http-c_resp.o [3]
  .rodata             const    0x0802f688      0xc  http-c_resp.o [3]
  .rodata             const    0x0802f694      0xc  http-c_resp.o [3]
  .rodata             const    0x0802f6a0      0x8  dns-c_cfg.o [1]
  .rodata             const    0x0802f6a8      0x8  http-c_cfg.o [1]
  .rodata             const    0x0802f6b0      0x8  http-c_hooks.o [1]
  .rodata             const    0x0802f6b8      0x8  kal.o [1]
  .rodata             const    0x0802f6c0      0x8  lib_mem.o [1]
  .rodata             const    0x0802f6c8      0x8  net_dev_cfg.o [1]
  .rodata             const    0x0802f6d0      0x8  os_core.o [1]
  .rodata             const    0x0802f6d8      0x8  os_sem.o [1]
  .rodata             const    0x0802f6e0      0x8  os_task.o [1]
  .rodata             const    0x0802f6e8      0x8  net_if_802x.o [3]
  .rodata             const    0x0802f6f0      0x8  net_if_802x.o [3]
  .rodata             const    0x0802f6f8      0x8  net_if_802x.o [3]
  .rodata             const    0x0802f700      0x8  net_if_802x.o [3]
  .rodata             const    0x0802f708      0x8  http-c_req.o [3]
  .rodata             const    0x0802f710      0x8  http-c_req.o [3]
  .rodata             const    0x0802f718      0x8  http-c_req.o [3]
  .rodata             const    0x0802f720      0x8  http-c_req.o [3]
  .rodata             const    0x0802f728      0x8  http-c_req.o [3]
  .rodata             const    0x0802f730      0x8  http-c_req.o [3]
  .rodata             const    0x0802f738      0x8  http-c_req.o [3]
  .rodata             const    0x0802f740      0x8  http-c_req.o [3]
  .rodata             const    0x0802f748      0x8  http-c_req.o [3]
  .rodata             const    0x0802f750      0x8  http-c_req.o [3]
  .rodata             const    0x0802f758      0x8  http-c_req.o [3]
  .rodata             const    0x0802f760      0x8  http-c_req.o [3]
  .rodata             const    0x0802f768      0x8  http-c_req.o [3]
  .rodata             const    0x0802f770      0x8  http-c_req.o [3]
  .rodata             const    0x0802f778      0x8  http-c_req.o [3]
  .rodata             const    0x0802f780      0x8  http-c_req.o [3]
  .rodata             const    0x0802f788      0x8  http-c_req.o [3]
  .rodata             const    0x0802f790      0x8  http-c_req.o [3]
  .rodata             const    0x0802f798      0x8  http-c_req.o [3]
  .rodata             const    0x0802f7a0      0x8  http-c_req.o [3]
  .rodata             const    0x0802f7a8      0x8  http-c_req.o [3]
  .rodata             const    0x0802f7b0      0x8  http-c_req.o [3]
  .rodata             const    0x0802f7b8      0x8  http-c_req.o [3]
  .rodata             const    0x0802f7c0      0x8  http-c_req.o [3]
  .rodata             const    0x0802f7c8      0x8  http-c_req.o [3]
  .rodata             const    0x0802f7d0      0x8  http-c_resp.o [3]
  .rodata             const    0x0802f7d8      0x8  http-c_resp.o [3]
  .rodata             const    0x0802f7e0      0x8  http-c_resp.o [3]
  .rodata             const    0x0802f7e8      0x8  http-c_resp.o [3]
  .rodata             const    0x0802f7f0      0x8  http-c_resp.o [3]
  .rodata             const    0x0802f7f8      0x8  http-c_resp.o [3]
  .rodata             const    0x0802f800      0x8  http-c_resp.o [3]
  .rodata             const    0x0802f808      0x8  http-c_resp.o [3]
  .rodata             const    0x0802f810      0x8  http-c_resp.o [3]
  .rodata             const    0x0802f818      0x8  http-c_resp.o [3]
  .rodata             const    0x0802f820      0x8  http-c_resp.o [3]
  .rodata             const    0x0802f828      0x8  http-c_resp.o [3]
  .rodata             const    0x0802f830      0x8  http-c_resp.o [3]
  .rodata             const    0x0802f838      0x8  http-c_resp.o [3]
  .rodata             const    0x0802f840      0x8  http-c_resp.o [3]
  .rodata             const    0x0802f848      0x8  http-c_resp.o [3]
  .rodata             const    0x0802f850      0x8  http-c_resp.o [3]
  .rodata             const    0x0802f858      0x8  http-c_resp.o [3]
  .rodata             const    0x0802f860      0x8  http-c_resp.o [3]
  .rodata             const    0x0802f868      0x8  http-c_resp.o [3]
  .rodata             const    0x0802f870      0x8  http-c_resp.o [3]
  .rodata             const    0x0802f878      0x8  http-c_resp.o [3]
  .rodata             const    0x0802f880      0x4  kal.o [1]
  .rodata             const    0x0802f884      0x4  kal.o [1]
  .rodata             const    0x0802f888      0x4  kal.o [1]
  .rodata             const    0x0802f88c      0x4  kal.o [1]
  .rodata             const    0x0802f890      0x4  kal.o [1]
  .rodata             const    0x0802f894      0x4  os_cfg_app.o [1]
  .rodata             const    0x0802f898      0x4  os_cfg_app.o [1]
  .rodata             const    0x0802f89c      0x4  os_cfg_app.o [1]
  .rodata             const    0x0802f8a0      0x4  os_cfg_app.o [1]
  .rodata             const    0x0802f8a4      0x4  os_cfg_app.o [1]
  .rodata             const    0x0802f8a8      0x4  os_cfg_app.o [1]
  .rodata             const    0x0802f8ac      0x4  os_cfg_app.o [1]
  .rodata             const    0x0802f8b0      0x4  os_cfg_app.o [1]
  .rodata             const    0x0802f8b4      0x4  os_cfg_app.o [1]
  .rodata             const    0x0802f8b8      0x4  os_cfg_app.o [1]
  .rodata             const    0x0802f8bc      0x4  os_cfg_app.o [1]
  .rodata             const    0x0802f8c0      0x4  os_cfg_app.o [1]
  .rodata             const    0x0802f8c4      0x4  os_cfg_app.o [1]
  .rodata             const    0x0802f8c8      0x4  os_cfg_app.o [1]
  .rodata             const    0x0802f8cc      0x4  os_cfg_app.o [1]
  .rodata             const    0x0802f8d0      0x4  os_cfg_app.o [1]
  .rodata             const    0x0802f8d4      0x4  os_cfg_app.o [1]
  .rodata             const    0x0802f8d8      0x4  os_cfg_app.o [1]
  .rodata             const    0x0802f8dc      0x4  os_cfg_app.o [1]
  .rodata             const    0x0802f8e0      0x4  os_cfg_app.o [1]
  .rodata             const    0x0802f8e4      0x4  os_cfg_app.o [1]
  .rodata             const    0x0802f8e8      0x4  os_cfg_app.o [1]
  .rodata             const    0x0802f8ec      0x4  os_cfg_app.o [1]
  .rodata             const    0x0802f8f0      0x4  os_cfg_app.o [1]
  .rodata             const    0x0802f8f4      0x4  os_cfg_app.o [1]
  .rodata             const    0x0802f8f8      0x4  os_cfg_app.o [1]
  .rodata             const    0x0802f8fc      0x4  os_dbg.o [1]
  .rodata             const    0x0802f900      0x4  os_dbg.o [1]
  .rodata             const    0x0802f904      0x4  os_dbg.o [1]
  .rodata             const    0x0802f908      0x4  dhcp-c.o [3]
  .rodata             const    0x0802f90c      0x4  http-c_req.o [3]
  .rodata             const    0x0802f910      0x4  http-c_req.o [3]
  .rodata             const    0x0802f914      0x4  http-c_req.o [3]
  .rodata             const    0x0802f918      0x4  http-c_req.o [3]
  .rodata             const    0x0802f91c      0x4  http-c_req.o [3]
  .rodata             const    0x0802f920      0x4  http-c_resp.o [3]
  .rodata             const    0x0802f924      0x4  http-c_resp.o [3]
  .rodata             const    0x0802f928      0x4  http-c_resp.o [3]
  .rodata             const    0x0802f92c      0x4  http-c_resp.o [3]
  .rodata             const    0x0802f930      0x4  http-c_resp.o [3]
  .rodata             const    0x0802f934      0x4  http-c_resp.o [3]
  .rodata             const    0x0802f938      0x4  http-c_resp.o [3]
  .rodata             const    0x0802f93c      0x4  http-c_resp.o [3]
  .rodata             const    0x0802f940      0x4  http-c_resp.o [3]
  .rodata             const    0x0802f944      0x4  http-c_resp.o [3]
  .rodata             const    0x0802f948      0x4  http-c_resp.o [3]
  .rodata             const    0x0802f94c      0x4  http-c_resp.o [3]
  .rodata             const    0x0802f950      0x4  http-c_resp.o [3]
  .rodata             const    0x0802f954      0x4  http-c_resp.o [3]
  .rodata             const    0x0802f958      0x4  http-c_resp.o [3]
  .rodata             const    0x0802f95c      0x4  http-c_resp.o [3]
  .rodata             const    0x0802f960      0x4  http-c_resp.o [3]
  .rodata             const    0x0802f964      0x4  http-c_resp.o [3]
  .rodata             const    0x0802f968      0x4  http-c_resp.o [3]
  .rodata             const    0x0802f96c      0x4  http-c_resp.o [3]
  .rodata             const    0x0802f970      0x4  http-c_resp.o [3]
  .rodata             const    0x0802f974      0x4  http-c_resp.o [3]
  .rodata             const    0x0802f978      0x4  http-c_resp.o [3]
  .rodata             const    0x0802f97c      0x4  http-c_resp.o [3]
  .rodata             const    0x0802f980      0x4  http-c_resp.o [3]
  .rodata             const    0x0802f984      0x4  http-c_resp.o [3]
  .rodata             const    0x0802f988      0x4  http-c_resp.o [3]
  .rodata             const    0x0802f98c      0x4  http-c_resp.o [3]
  .rodata             const    0x0802f990      0x4  http-c_resp.o [3]
  .rodata             const    0x0802f994      0x4  http-c_resp.o [3]
  .rodata             const    0x0802f998      0x4  http-c_resp.o [3]
  .rodata             const    0x0802f99c      0x4  http-c_resp.o [3]
  .rodata             const    0x0802f9a0      0x4  http-c_resp.o [3]
  .rodata             const    0x0802f9a4      0x4  http-c_resp.o [3]
  .rodata             const    0x0802f9a8      0x4  http-c_resp.o [3]
  .rodata             const    0x0802f9ac      0x1  os_dbg.o [1]
  .rodata             const    0x0802f9ad      0x1  os_dbg.o [1]
  .rodata             const    0x0802f9ae      0x1  os_dbg.o [1]
  .rodata             const    0x0802f9af      0x1  os_dbg.o [1]
  .rodata             const    0x0802f9b0      0x1  os_dbg.o [1]
  .rodata             const    0x0802f9b1      0x1  os_dbg.o [1]
  .rodata             const    0x0802f9b2      0x1  os_dbg.o [1]
  .rodata             const    0x0802f9b3      0x1  os_dbg.o [1]
  .rodata             const    0x0802f9b4      0x1  os_dbg.o [1]
  .rodata             const    0x0802f9b5      0x1  os_dbg.o [1]
  .rodata             const    0x0802f9b6      0x1  os_dbg.o [1]
  .rodata             const    0x0802f9b7      0x1  os_dbg.o [1]
  .rodata             const    0x0802f9b8      0x1  os_dbg.o [1]
  .rodata             const    0x0802f9b9      0x1  os_dbg.o [1]
  .rodata             const    0x0802f9ba      0x1  os_dbg.o [1]
  .rodata             const    0x0802f9bb      0x1  os_dbg.o [1]
  .rodata             const    0x0802f9bc      0x1  os_dbg.o [1]
  .rodata             const    0x0802f9bd      0x1  os_dbg.o [1]
  .rodata             const    0x0802f9be      0x1  os_dbg.o [1]
  .rodata             const    0x0802f9bf      0x1  os_dbg.o [1]
  .rodata             const    0x0802f9c0      0x1  os_dbg.o [1]
  .rodata             const    0x0802f9c1      0x1  os_dbg.o [1]
  .rodata             const    0x0802f9c2      0x1  os_dbg.o [1]
  .rodata             const    0x0802f9c3      0x1  os_dbg.o [1]
  .rodata             const    0x0802f9c4      0x1  os_dbg.o [1]
  .rodata             const    0x0802f9c5      0x1  os_dbg.o [1]
  .text               ro code  0x0802f9c8      0x0  cstart_closeall.o [6]
  .rodata             const    0x0802f9c8      0x0  zero_init3.o [6]
  .rodata             const    0x0802f9c8      0x0  packbits_init.o [6]
  Initializer bytes   const    0x0802f9c8     0x98  <for P2 s0>
                             - 0x0802fa60  0x2f860

"P2":                                      0x12828
  P2 s0                        0x20000000    0x188  <Init block>
    __DLIB_PERTHREAD  inited   0x20000000     0x88  localeconv.o [4]
    .data             inited   0x20000088     0x40  xfiles.o [4]
    .data             inited   0x200000c8     0x40  xfiles.o [4]
    .data             inited   0x20000108     0x40  xfiles.o [4]
    .data             inited   0x20000148     0x20  xfiles.o [4]
    .data             inited   0x20000168     0x10  stm32f4xx_rcc.o [1]
    .data             inited   0x20000178      0x8  XShttio.o [4]
    __DLIB_PERTHREAD  inited   0x20000180      0x4  errno.o [4]
    .data             inited   0x20000184      0x2  dns-c_req.o [3]
    .data             inited   0x20000186      0x1  net_bsp.o [1]
    .data             inited   0x20000187      0x1  net_arp.o [3]
  .bss                zero     0x20000188   0x7800  lib_mem.o [1]
  .bss                zero     0x20007988   0x2000  app.o [1]
  .bss                zero     0x20009988   0x12c0  net_tcp.o [3]
  .bss                zero     0x2000ac48    0xa00  http-c_app.o [1]
  .bss                zero     0x2000b648    0x960  net_tmr.o [3]
  .bss                zero     0x2000bfa8    0x800  http-c_app.o [1]
  .bss                zero     0x2000c7a8    0x800  os_cfg_app.o [1]
  .bss                zero     0x2000cfa8    0x800  os_cfg_app.o [1]
  .bss                zero     0x2000d7a8    0x800  os_cfg_app.o [1]
  .bss                zero     0x2000dfa8    0x800  os_cfg_app.o [1]
  .bss                zero     0x2000e7a8    0x800  dhcp-c_os.o [3]
  .bss                zero     0x2000efa8    0x800  dhcp-c_os.o [3]
  .bss                zero     0x2000f7a8    0x640  os_cfg_app.o [1]
  .bss                zero     0x2000fde8    0x4a0  dhcp-c.o [3]
  .bss                zero     0x20010288    0x3fc  net_conn.o [3]
  .bss                zero     0x20010684    0x2d0  net_ctr.o [3]
  .bss                zero     0x20010954    0x284  net_sock.o [3]
  .bss                zero     0x20010bd8    0x230  http-c_app.o [1]
  .bss                zero     0x20010e08    0x200  os_cfg_app.o [1]
  .bss                zero     0x20011008    0x1bc  net_ctr.o [3]
  .bss                zero     0x200111c4    0x190  http-c_app.o [1]
  .bss                zero     0x20011354    0x180  os_var.o [1]
  .bss                zero     0x200114d4    0x180  net_buf.o [3]
  .bss                zero     0x20011654    0x148  bsp_int.o [1]
  .bss                zero     0x2001179c     0xf0  net_if.o [3]
  .bss                zero     0x2001188c     0xbc  app.o [1]
  .bss                zero     0x20011948     0xbc  os_var.o [1]
  .bss                zero     0x20011a04     0xbc  os_var.o [1]
  .bss                zero     0x20011ac0     0xbc  os_var.o [1]
  .bss                zero     0x20011b7c     0xbc  os_var.o [1]
  .bss                zero     0x20011c38     0xbc  dhcp-c_os.o [3]
  .bss                zero     0x20011cf4     0xbc  dhcp-c_os.o [3]
  .bss                zero     0x20011db0     0xa8  net_cache.o [3]
  .bss                zero     0x20011e58     0x80  XShHandles.o [4]
  .bss                zero     0x20011ed8     0x54  xxwritebuffered.o [4]
  .bss                zero     0x20011f2c     0x50  http-c_app.o [1]
  .bss                zero     0x20011f7c     0x50  xfiles.o [4]
  .bss                zero     0x20011fcc     0x50  xfiles.o [4]
  .bss                zero     0x2001201c     0x40  dhcp-c.o [3]
  .bss                zero     0x2001205c     0x38  net_igmp.o [3]
  .bss                zero     0x20012094     0x34  http-c_app.o [1]
  .bss                zero     0x200120c8     0x34  http-c_hooks.o [1]
  .bss                zero     0x200120fc     0x30  os_var.o [1]
  .bss                zero     0x2001212c     0x30  net_ipv4.o [3]
  .bss                zero     0x2001215c     0x30  dhcp-c_os.o [3]
  .bss                zero     0x2001218c     0x30  net_arp.o [3]
  .bss                zero     0x200121bc     0x28  dhcp-c_os.o [3]
  .bss                zero     0x200121e4     0x28  dhcp-c_os.o [3]
  .bss                zero     0x2001220c     0x28  dhcp-c_os.o [3]
  .bss                zero     0x20012234     0x24  net_sock.o [3]
  .bss                zero     0x20012258     0x20  dhcp-c.o [3]
  .bss                zero     0x20012278     0x1c  dns-c_cache.o [3]
  .bss                zero     0x20012294     0x1c  dns-c_cache.o [3]
  .bss                zero     0x200122b0     0x1c  dns-c_cache.o [3]
  .bss                zero     0x200122cc     0x1c  dns-c_cache.o [3]
  .bss                zero     0x200122e8     0x1c  dns-c_cache.o [3]
  .bss                zero     0x20012304     0x1c  net_sock.o [3]
  .bss                zero     0x20012320     0x18  dhcp-c.o [3]
  .bss                zero     0x20012338     0x18  net_sock.o [3]
  .bss                zero     0x20012350     0x18  net_tmr.o [3]
  .bss                zero     0x20012368     0x18  net_conn.o [3]
  .bss                zero     0x20012380     0x18  net_igmp.o [3]
  .bss                zero     0x20012398     0x18  net_tcp.o [3]
  .bss                zero     0x200123b0     0x18  net_cache.o [3]
  .bss                zero     0x200123c8     0x14  http-c_app.o [1]
  .bss                zero     0x200123dc     0x14  http-c_app.o [1]
  .bss                zero     0x200123f0     0x14  lib_mem.o [1]
  .bss                zero     0x20012404     0x10  cpu_core.o [1]
  .bss                zero     0x20012414     0x10  http-c_app.o [1]
  .bss                zero     0x20012424      0xc  os_var.o [1]
  .bss                zero     0x20012430      0xc  net_conn.o [3]
  .bss                zero     0x2001243c      0x8  os_var.o [1]
  .bss                zero     0x20012444      0x8  os_var.o [1]
  .bss                zero     0x2001244c      0x8  net_if.o [3]
  .bss                zero     0x20012454      0x8  dns-c_req.o [3]
  .bss                zero     0x2001245c      0x8  net_conn.o [3]
  .bss                zero     0x20012464      0x8  net_cache.o [3]
  .bss                zero     0x2001246c      0x8  net_cache.o [3]
  .bss                zero     0x20012474      0x8  xxmemxmalloc.o [4]
  .bss                zero     0x2001247c      0x4  cpu_core.o [1]
  .bss                zero     0x20012480      0x4  kal.o [1]
  .bss                zero     0x20012484      0x4  lib_math.o [1]
  .bss                zero     0x20012488      0x4  lib_mem.o [1]
  .bss                zero     0x2001248c      0x4  os_cpu_c.o [1]
  .bss                zero     0x20012490      0x4  os_prio.o [1]
  .bss                zero     0x20012494      0x4  os_var.o [1]
  .bss                zero     0x20012498      0x4  os_var.o [1]
  .bss                zero     0x2001249c      0x4  os_var.o [1]
  .bss                zero     0x200124a0      0x4  os_var.o [1]
  .bss                zero     0x200124a4      0x4  os_var.o [1]
  .bss                zero     0x200124a8      0x4  os_var.o [1]
  .bss                zero     0x200124ac      0x4  os_var.o [1]
  .bss                zero     0x200124b0      0x4  os_var.o [1]
  .bss                zero     0x200124b4      0x4  os_var.o [1]
  .bss                zero     0x200124b8      0x4  os_var.o [1]
  .bss                zero     0x200124bc      0x4  os_var.o [1]
  .bss                zero     0x200124c0      0x4  os_var.o [1]
  .bss                zero     0x200124c4      0x4  os_var.o [1]
  .bss                zero     0x200124c8      0x4  os_var.o [1]
  .bss                zero     0x200124cc      0x4  os_var.o [1]
  .bss                zero     0x200124d0      0x4  os_var.o [1]
  .bss                zero     0x200124d4      0x4  os_var.o [1]
  .bss                zero     0x200124d8      0x4  os_var.o [1]
  .bss                zero     0x200124dc      0x4  os_var.o [1]
  .bss                zero     0x200124e0      0x4  os_var.o [1]
  .bss                zero     0x200124e4      0x4  os_var.o [1]
  .bss                zero     0x200124e8      0x4  os_var.o [1]
  .bss                zero     0x200124ec      0x4  os_var.o [1]
  .bss                zero     0x200124f0      0x4  os_var.o [1]
  .bss                zero     0x200124f4      0x4  os_var.o [1]
  .bss                zero     0x200124f8      0x4  os_var.o [1]
  .bss                zero     0x200124fc      0x4  os_var.o [1]
  .bss                zero     0x20012500      0x4  os_var.o [1]
  .bss                zero     0x20012504      0x4  os_var.o [1]
  .bss                zero     0x20012508      0x4  dhcp-c.o [3]
  .bss                zero     0x2001250c      0x4  dhcp-c.o [3]
  .bss                zero     0x20012510      0x4  dhcp-c.o [3]
  .bss                zero     0x20012514      0x4  dhcp-c.o [3]
  .bss                zero     0x20012518      0x4  dhcp-c.o [3]
  .bss                zero     0x2001251c      0x4  dhcp-c.o [3]
  .bss                zero     0x20012520      0x4  dhcp-c.o [3]
  .bss                zero     0x20012524      0x4  dhcp-c.o [3]
  .bss                zero     0x20012528      0x4  net_if.o [3]
  .bss                zero     0x2001252c      0x4  net_if.o [3]
  .bss                zero     0x20012530      0x4  net_if.o [3]
  .bss                zero     0x20012534      0x4  net_if.o [3]
  .bss                zero     0x20012538      0x4  net_if.o [3]
  .bss                zero     0x2001253c      0x4  net_if.o [3]
  .bss                zero     0x20012540      0x4  net_if.o [3]
  .bss                zero     0x20012544      0x4  net_if.o [3]
  .bss                zero     0x20012548      0x4  net_if.o [3]
  .bss                zero     0x2001254c      0x4  net_if.o [3]
  .bss                zero     0x20012550      0x4  net_ipv4.o [3]
  .bss                zero     0x20012554      0x4  net_ipv4.o [3]
  .bss                zero     0x20012558      0x4  net_ipv4.o [3]
  .bss                zero     0x2001255c      0x4  net.o [3]
  .bss                zero     0x20012560      0x4  net.o [3]
  .bss                zero     0x20012564      0x4  net.o [3]
  .bss                zero     0x20012568      0x4  http-c.o [3]
  .bss                zero     0x2001256c      0x4  dns-c_cache.o [3]
  .bss                zero     0x20012570      0x4  dns-c_cache.o [3]
  .bss                zero     0x20012574      0x4  dns-c_task.o [3]
  .bss                zero     0x20012578      0x4  net_arp.o [3]
  .bss                zero     0x2001257c      0x4  net_arp.o [3]
  .bss                zero     0x20012580      0x4  net_sock.o [3]
  .bss                zero     0x20012584      0x4  net_util.o [3]
  .bss                zero     0x20012588      0x4  net_util.o [3]
  .bss                zero     0x2001258c      0x4  net_util.o [3]
  .bss                zero     0x20012590      0x4  net_tmr.o [3]
  .bss                zero     0x20012594      0x4  net_tmr.o [3]
  .bss                zero     0x20012598      0x4  net_tmr.o [3]
  .bss                zero     0x2001259c      0x4  net_tmr.o [3]
  .bss                zero     0x200125a0      0x4  net_conn.o [3]
  .bss                zero     0x200125a4      0x4  net_conn.o [3]
  .bss                zero     0x200125a8      0x4  net_conn.o [3]
  .bss                zero     0x200125ac      0x4  net_conn.o [3]
  .bss                zero     0x200125b0      0x4  net_conn.o [3]
  .bss                zero     0x200125b4      0x4  net_igmp.o [3]
  .bss                zero     0x200125b8      0x4  net_igmp.o [3]
  .bss                zero     0x200125bc      0x4  net_igmp.o [3]
  .bss                zero     0x200125c0      0x4  net_tcp.o [3]
  .bss                zero     0x200125c4      0x4  net_tcp.o [3]
  .bss                zero     0x200125c8      0x4  net_icmp.o [3]
  .bss                zero     0x200125cc      0x4  net_icmp.o [3]
  .bss                zero     0x200125d0      0x4  net_cache.o [3]
  .bss                zero     0x200125d4      0x4  xgetmemchunk.o [4]
  .bss                zero     0x200125d8      0x2  os_var.o [1]
  .bss                zero     0x200125da      0x2  os_var.o [1]
  .bss                zero     0x200125dc      0x2  os_var.o [1]
  .bss                zero     0x200125de      0x2  os_var.o [1]
  .bss                zero     0x200125e0      0x2  os_var.o [1]
  .bss                zero     0x200125e2      0x2  os_var.o [1]
  .bss                zero     0x200125e4      0x2  os_var.o [1]
  .bss                zero     0x200125e6      0x2  os_var.o [1]
  .bss                zero     0x200125e8      0x2  os_var.o [1]
  .bss                zero     0x200125ea      0x2  os_var.o [1]
  .bss                zero     0x200125ec      0x2  net_if.o [3]
  .bss                zero     0x200125ee      0x2  net_if.o [3]
  .bss                zero     0x200125f0      0x2  net_if.o [3]
  .bss                zero     0x200125f2      0x2  net_if.o [3]
  .bss                zero     0x200125f4      0x2  net_if.o [3]
  .bss                zero     0x200125f6      0x2  net_if.o [3]
  .bss                zero     0x200125f8      0x2  net_ipv4.o [3]
  .bss                zero     0x200125fa      0x2  net_arp.o [3]
  .bss                zero     0x200125fc      0x2  net_arp.o [3]
  .bss                zero     0x200125fe      0x2  net_arp.o [3]
  .bss                zero     0x20012600      0x2  net_sock.o [3]
  .bss                zero     0x20012602      0x2  net_sock.o [3]
  .bss                zero     0x20012604      0x2  net_sock.o [3]
  .bss                zero     0x20012606      0x2  net_buf.o [3]
  .bss                zero     0x20012608      0x2  net_conn.o [3]
  .bss                zero     0x2001260a      0x2  net_icmpv4.o [3]
  .bss                zero     0x2001260c      0x2  net_igmp.o [3]
  .bss                zero     0x2001260e      0x1  kal.o [1]
  .bss                zero     0x2001260f      0x1  kal.o [1]
  .bss                zero     0x20012610      0x1  os_var.o [1]
  .bss                zero     0x20012611      0x1  os_var.o [1]
  .bss                zero     0x20012612      0x1  os_var.o [1]
  .bss                zero     0x20012613      0x1  os_var.o [1]
  .bss                zero     0x20012614      0x1  os_var.o [1]
  .bss                zero     0x20012615      0x1  os_var.o [1]
  .bss                zero     0x20012616      0x1  os_var.o [1]
  .bss                zero     0x20012617      0x1  os_var.o [1]
  .bss                zero     0x20012618      0x1  os_var.o [1]
  .bss                zero     0x20012619      0x1  dhcp-c.o [3]
  .bss                zero     0x2001261a      0x1  net_if.o [3]
  .bss                zero     0x2001261b      0x1  net_if.o [3]
  .bss                zero     0x2001261c      0x1  net_ipv4.o [3]
  .bss                zero     0x2001261d      0x1  net.o [3]
  .bss                zero     0x2001261e      0x1  http-c.o [3]
  .bss                zero     0x2001261f      0x1  net_arp.o [3]
  .bss                zero     0x20012620      0x1  net_arp.o [3]
  .bss                zero     0x20012621      0x1  net_util.o [3]
  .bss                zero     0x20012622      0x1  net_conn.o [3]
  .bss                zero     0x20012623      0x1  net_conn.o [3]
  CSTACK                       0x20012628    0x200  <Block>
    CSTACK            uninit   0x20012628    0x200  <Block tail>
  HEAP                         0x20012828      0x0  <Block>
                             - 0x20012828  0x12828


*******************************************************************************
*** INIT TABLE
***

          Address     Size
          -------     ----
Zero (__iar_zero_init3)
    1 destination range, total size 0x1249c:
          0x20000188  0x1249c

Copy/packbits (__iar_packbits_init3)
    1 source range, total size 0x98 (38% of destination):
          0x0802f9c8     0x98
    1 destination range, total size 0x188:
          0x20000000    0x188



*******************************************************************************
*** MODULE SUMMARY
***

    Module                 ro code  ro data  rw data
    ------                 -------  -------  -------
D:\GIT\Micrium_STM32F4-DISCOVERY_OS3-TCPIP-HTTPc-No-Source\Micrium\Examples\ST\STM32F4-DISCOVERY\OS3-TCPIP-HTTPc\IAR-No-Source\FLASH\Obj: [1]
    app.o                      224      160    8 380
    app_dns-c.o                 32
    app_tcpip.o                800      892
    bsp.o                      656
    bsp_int.o                  958               328
    bsp_periph.o               224
    cpu_a.o                     52
    cpu_c.o                    288
    cpu_core.o                 256                20
    cstartup.o                  60      392
    dns-c_cfg.o                          28
    http-c_app.o               472      104    5 756
    http-c_cfg.o                          8
    http-c_hooks.o             480       48       52
    kal.o                    2 464      144        6
    lib_ascii.o                292
    lib_math.o                  72                 4
    lib_mem.o                2 100       64   30 744
    lib_mem_a.o                544
    lib_str.o                2 344      148
    net_bsp.o                  496       16        1
    net_cfg.o                            36
    net_dev_cfg.o                        76
    os_cfg_app.o               184      109   10 304
    os_core.o                2 972       40
    os_cpu_a.o                 268
    os_cpu_c.o                 888                 4
    os_dbg.o                   556      349
    os_flag.o                   28
    os_mem.o                    28
    os_msg.o                   604
    os_mutex.o               1 056
    os_prio.o                  160                 4
    os_q.o                     794
    os_sem.o                 1 230        8
    os_stat.o                1 348       20
    os_task.o                3 276        8
    os_tick.o                1 204       20
    os_time.o                  500
    os_tmr.o                   924       40
    os_var.o                                   1 357
    stm32f4xx_flash.o           56
    stm32f4xx_gpio.o           274
    stm32f4xx_rcc.o            832        6       16
    stm32f4xx_syscfg.o          12
    ------------------------------------------------
    Total:                  30 008    2 716   56 976

command line: [2]
    ------------------------------------------------
    Total:

OS3-TCPIP-HTTPc-DNSc-DHCPc-Trace-Library.a: [3]
    dhcp-c.o                 7 842        4    1 337
    dhcp-c_os.o                848      100    4 640
    dns-c.o                    460
    dns-c_cache.o            2 490      120      148
    dns-c_req.o              1 732        1       10
    dns-c_task.o               124                 4
    http-c.o                 1 680                 5
    http-c_conn.o            1 060
    http-c_req.o             6 952    1 884
    http-c_resp.o            1 972    3 040
    http-c_sock.o            2 154
    http.o                     774
    net.o                      888       32       13
    net_app.o                2 760
    net_arp.o                4 368        1       65
    net_ascii.o              1 616
    net_buf.o                3 308               386
    net_cache.o              1 328               212
    net_conn.o               4 010             1 088
    net_ctr.o                   54             1 164
    net_dev_gmac.o           3 332       44
    net_icmp.o                 512       64        8
    net_icmpv4.o             3 436                 2
    net_if.o                 8 076      140      302
    net_if_802x.o            2 958       32
    net_if_ether.o           1 154       68
    net_igmp.o               1 692                94
    net_ip.o                    20
    net_ipv4.o              13 944                63
    net_mgr.o                  650
    net_phy.o                1 428       20
    net_sock.o              22 932      120      742
    net_stat.o                 430
    net_tcp.o               36 032       40    4 832
    net_tmr.o                  688       16    2 440
    net_udp.o                2 560
    net_util.o               1 970                13
    ------------------------------------------------
    Total:                 148 234    5 726   17 568

dl7M_tlf.a: [4]
    XShHandles.o               224               128
    XShttio.o                    8        3        8
    abort.o                      6
    div.o                       14
    errno.o                     12        2        4
    exit.o                       4
    fclose.o                   122
    fflush.o                   176
    fputc.o                     86
    fseek.o                     34
    localeconv.o               108       52      136
    low_level_init.o             4
    printf.o                    36
    putchar.o                   12
    xcloseall.o                 88
    xfgpos.o                    10
    xfiles.o                             87      384
    xfofind.o                  124
    xfspos.o                   214
    xfwprep.o                  182
    xgetmemchunk.o              44                 4
    xprintflarge_nomb.o      3 058
    xprout.o                    22
    xsyslock_nop.o               4
    xtls.o                       2
    xxmemxfree.o               128
    xxmemxmalloc.o             176                 8
    xxwritebuffered.o          192                84
    ------------------------------------------------
    Total:                   5 090      144      756

m7M_tls.a: [5]
    DblAdd.o                   232
    DblCmpLe.o                  46
    DblDiv.o                   598
    DblMul.o                   418
    DblSub.o                   384
    DblToI32.o                  44
    I32ToDbl.o                  28
    fpinit_M.o                  34
    xdnorm.o                    66
    ------------------------------------------------
    Total:                   1 850

rt7M_tl.a: [6]
    ABImemcpy_unaligned.o      118
    I64DivMod.o                238
    I64DivZer.o                  2
    cexit.o                     14
    cmain.o                     26
    cstart_closeall.o
    cstartup_M.o                12
    data_init.o                 40
    memchr.o                    88
    packbits_init.o            208
    strchr.o                    22
    strlen.o                    54
    zero_init3.o                64
    ------------------------------------------------
    Total:                     886

shb_l.a: [7]
    close.o                     26
    dwrite.o                    30
    exit.o                      20
    iarttio.o                  108
    iarwrite.o                  34
    iarwstd.o                   32
    lseek.o                     76
    remove.o                    22
    ------------------------------------------------
    Total:                     348

    Gaps                         2
    Linker created                       44      512
----------------------------------------------------
    Grand Total:           186 418    8 630   75 812


*******************************************************************************
*** ENTRY LIST
***

Entry                      Address    Size  Type      Object
-----                      -------    ----  ----      ------
.iar.init_table$$Base   0x0802e8ec           --   Gb  - Linker created -
.iar.init_table$$Limit  0x0802e918           --   Gb  - Linker created -
?main                   0x0802e4f9          Code  Gb  cmain.o [6]
APBAHBPrescTable        0x20000168    0x10  Data  Lc  stm32f4xx_rcc.o [1]
ASCII_IsAlphaNum        0x0801fa9d    0x58  Code  Gb  lib_ascii.o [1]
ASCII_IsDig             0x0801fb0d    0x18  Code  Gb  lib_ascii.o [1]
ASCII_IsDigHex          0x0801fb25    0x30  Code  Gb  lib_ascii.o [1]
ASCII_IsLower           0x0801faf5    0x18  Code  Gb  lib_ascii.o [1]
ASCII_IsPrint           0x0801fb85    0x18  Code  Gb  lib_ascii.o [1]
ASCII_IsSpace           0x0801fb55    0x30  Code  Gb  lib_ascii.o [1]
ASCII_ToLower           0x0801fb9d    0x24  Code  Gb  lib_ascii.o [1]
AppDHCPc_Init           0x0802c6cb   0x10c  Code  Lc  app_tcpip.o [1]
AppTCPIP_Init           0x0802c5e9    0xe2  Code  Gb  app_tcpip.o [1]
AppTCPIP_PrintIPAddr    0x0802c7d7    0xac  Code  Lc  app_tcpip.o [1]
AppTaskStart            0x0802d695    0x5c  Code  Lc  app.o [1]
AppTaskStartStk         0x20007988  0x2000  Data  Lc  app.o [1]
AppTaskStartTCB         0x2001188c    0xbc  Data  Lc  app.o [1]
App_BusFault_ISR        0x0802e4c1     0x2  Code  Lc  cstartup.o [1]
App_DNScInit            0x0802d711    0x20  Code  Gb  app_dns-c.o [1]
App_Fault_ISR           0x0802e4bf     0x2  Code  Lc  cstartup.o [1]
App_MemFault_ISR        0x0802e4c5     0x2  Code  Lc  cstartup.o [1]
App_NMI_ISR             0x0802e4bd     0x2  Code  Lc  cstartup.o [1]
App_Reset_ISR           0x0802e48d    0x28  Code  Lc  cstartup.o [1]
App_Spurious_ISR        0x0802e4c7     0x2  Code  Lc  cstartup.o [1]
App_UsageFault_ISR      0x0802e4c3     0x2  Code  Lc  cstartup.o [1]
BSP_ButtonInit          0x0801d9a7    0x30  Code  Lc  bsp.o [1]
BSP_CPU_ClkFreq         0x0801d807    0x10  Code  Gb  bsp.o [1]
BSP_Init                0x0801d795    0x72  Code  Gb  bsp.o [1]
BSP_IntDisAll           0x0801fbc1     0x8  Code  Gb  bsp_int.o [1]
BSP_IntEn               0x0801fbc9    0x14  Code  Gb  bsp_int.o [1]
BSP_IntHandler          0x0801ff47    0x30  Code  Lc  bsp_int.o [1]
BSP_IntHandlerADC       0x0801fcc7     0xa  Code  Gb  bsp_int.o [1]
BSP_IntHandlerCAN1_RX0  0x0801fcdb     0xa  Code  Gb  bsp_int.o [1]
BSP_IntHandlerCAN1_RX1  0x0801fce5     0xa  Code  Gb  bsp_int.o [1]
BSP_IntHandlerCAN1_SCE  0x0801fcef     0xa  Code  Gb  bsp_int.o [1]
BSP_IntHandlerCAN1_TX   0x0801fcd1     0xa  Code  Gb  bsp_int.o [1]
BSP_IntHandlerCAN2_RX0  0x0801fe93     0xa  Code  Gb  bsp_int.o [1]
BSP_IntHandlerCAN2_RX1  0x0801fe9d     0xa  Code  Gb  bsp_int.o [1]
BSP_IntHandlerCAN2_SCE  0x0801fea7     0xa  Code  Gb  bsp_int.o [1]
BSP_IntHandlerCAN2_TX   0x0801fe89     0xa  Code  Gb  bsp_int.o [1]
BSP_IntHandlerCRYP      0x0801ff29     0xa  Code  Gb  bsp_int.o [1]
BSP_IntHandlerDCMI      0x0801ff1f     0xa  Code  Gb  bsp_int.o [1]
BSP_IntHandlerDMA1_CH0  0x0801fc81     0xa  Code  Gb  bsp_int.o [1]
BSP_IntHandlerDMA1_CH1  0x0801fc8b     0xa  Code  Gb  bsp_int.o [1]
BSP_IntHandlerDMA1_CH2  0x0801fc95     0xa  Code  Gb  bsp_int.o [1]
BSP_IntHandlerDMA1_CH3  0x0801fc9f     0xa  Code  Gb  bsp_int.o [1]
BSP_IntHandlerDMA1_CH4  0x0801fca9     0xa  Code  Gb  bsp_int.o [1]
BSP_IntHandlerDMA1_CH5  0x0801fcb3     0xa  Code  Gb  bsp_int.o [1]
BSP_IntHandlerDMA1_CH6  0x0801fcbd     0xa  Code  Gb  bsp_int.o [1]
BSP_IntHandlerDMA1_STREAM7
                        0x0801fde9     0xa  Code  Gb  bsp_int.o [1]
BSP_IntHandlerDMA2_CH0  0x0801fe43     0xa  Code  Gb  bsp_int.o [1]
BSP_IntHandlerDMA2_CH1  0x0801fe4d     0xa  Code  Gb  bsp_int.o [1]
BSP_IntHandlerDMA2_CH2  0x0801fe57     0xa  Code  Gb  bsp_int.o [1]
[...]
OSSemDel                0x08019e67    0xdc  Code  Gb  os_sem.o [1]
OSSemPend               0x08019f43   0x136  Code  Gb  os_sem.o [1]
OSSemPendAbort          0x0801a079    0x86  Code  Gb  os_sem.o [1]
OSSemPost               0x0801a0ff    0x38  Code  Gb  os_sem.o [1]
OSSemQty                0x200125e0     0x2  Data  Gb  os_var.o [1]
OSSemSet                0x0801a137    0x48  Code  Gb  os_sem.o [1]
OSStart                 0x0801e6b9    0x64  Code  Gb  os_core.o [1]
OSStartHighRdy          0x08021ca5          Code  Gb  os_cpu_a.o [1]
OSStatReset             0x080210b5    0xe4  Code  Gb  os_stat.o [1]
OSStatResetFlag         0x20012616     0x1  Data  Gb  os_var.o [1]
OSStatTaskCPUUsage      0x200125e2     0x2  Data  Gb  os_var.o [1]
OSStatTaskCPUUsageInit  0x08021199    0xda  Code  Gb  os_stat.o [1]
OSStatTaskCPUUsageMax   0x200125e4     0x2  Data  Gb  os_var.o [1]
OSStatTaskCtr           0x200124c8     0x4  Data  Gb  os_var.o [1]
OSStatTaskCtrMax        0x200124cc     0x4  Data  Gb  os_var.o [1]
OSStatTaskCtrRun        0x200124d0     0x4  Data  Gb  os_var.o [1]
OSStatTaskHook          0x0801ef29    0x12  Code  Gb  os_cpu_c.o [1]
OSStatTaskRdy           0x20012617     0x1  Data  Gb  os_var.o [1]
OSStatTaskTCB           0x20011a04    0xbc  Data  Gb  os_var.o [1]
OSStatTaskTimeMax       0x200124d4     0x4  Data  Gb  os_var.o [1]
OSTCBCurPtr             0x20012500     0x4  Data  Gb  os_var.o [1]
OSTCBHighRdyPtr         0x20012504     0x4  Data  Gb  os_var.o [1]
OSTaskCreate            0x08018d2d   0x124  Code  Gb  os_task.o [1]
OSTaskCreateHook        0x0801ef3b    0x16  Code  Gb  os_cpu_c.o [1]
OSTaskCtxSwCtr          0x200124d8     0x4  Data  Gb  os_var.o [1]
OSTaskDbgListPtr        0x200124dc     0x4  Data  Gb  os_var.o [1]
OSTaskDel               0x08018e51   0x164  Code  Gb  os_task.o [1]
OSTaskDelHook           0x0801ef51    0x16  Code  Gb  os_cpu_c.o [1]
OSTaskQPend             0x08018fb5   0x18a  Code  Gb  os_task.o [1]
OSTaskQPost             0x0801913f    0x34  Code  Gb  os_task.o [1]
OSTaskQty               0x200125e6     0x2  Data  Gb  os_var.o [1]
OSTaskRegNextAvailID    0x20012618     0x1  Data  Gb  os_var.o [1]
OSTaskResume            0x08019173    0x1e  Code  Gb  os_task.o [1]
OSTaskReturnHook        0x0801ef67    0x16  Code  Gb  os_cpu_c.o [1]
OSTaskSemPend           0x08019191   0x19c  Code  Gb  os_task.o [1]
OSTaskSemPost           0x0801932d    0x26  Code  Gb  os_task.o [1]
OSTaskStkChk            0x08019353    0x76  Code  Gb  os_task.o [1]
OSTaskStkInit           0x0801ef7d   0x15e  Code  Gb  os_cpu_c.o [1]
OSTaskSuspend           0x080193c9    0x20  Code  Gb  os_task.o [1]
OSTaskSwHook            0x0801f0db    0x84  Code  Gb  os_cpu_c.o [1]
OSTickCtr               0x200124e0     0x4  Data  Gb  os_var.o [1]
OSTickListDly           0x2001243c     0x8  Data  Gb  os_var.o [1]
OSTickListTimeout       0x20012444     0x8  Data  Gb  os_var.o [1]
OSTickTaskTCB           0x20011ac0    0xbc  Data  Gb  os_var.o [1]
OSTickTaskTimeMax       0x200124e4     0x4  Data  Gb  os_var.o [1]
OSTimeDly               0x08018b39    0x80  Code  Gb  os_time.o [1]
OSTimeDlyHMSM           0x08018bb9   0x100  Code  Gb  os_time.o [1]
OSTimeGet               0x08018cb9    0x1c  Code  Gb  os_time.o [1]
OSTimeTick              0x08018cd5    0x36  Code  Gb  os_time.o [1]
OSTimeTickHook          0x0801f15f    0x12  Code  Gb  os_cpu_c.o [1]
OSTmrCreate             0x080215f9    0x6a  Code  Gb  os_tmr.o [1]
OSTmrDbgListPtr         0x200124e8     0x4  Data  Gb  os_var.o [1]
OSTmrListEntries        0x200125e8     0x2  Data  Gb  os_var.o [1]
OSTmrListPtr            0x200124ec     0x4  Data  Gb  os_var.o [1]
OSTmrMutex              0x200120fc    0x30  Data  Gb  os_var.o [1]
OSTmrQty                0x200125ea     0x2  Data  Gb  os_var.o [1]
OSTmrStart              0x08021663    0xe0  Code  Gb  os_tmr.o [1]
OSTmrTaskTCB            0x20011b7c    0xbc  Data  Gb  os_var.o [1]
OSTmrTaskTimeMax        0x200124f0     0x4  Data  Gb  os_var.o [1]
OSTmrTickCtr            0x200124f4     0x4  Data  Gb  os_var.o [1]
OSTmrUpdateCnt          0x200124f8     0x4  Data  Gb  os_var.o [1]
OSTmrUpdateCtr          0x200124fc     0x4  Data  Gb  os_var.o [1]
OS_AppIdleTaskHookPtr   0x200124a0     0x4  Data  Gb  os_var.o [1]
OS_AppStatTaskHookPtr   0x200124a4     0x4  Data  Gb  os_var.o [1]
OS_AppTaskCreateHookPtr
                        0x20012494     0x4  Data  Gb  os_var.o [1]
OS_AppTaskDelHookPtr    0x20012498     0x4  Data  Gb  os_var.o [1]
OS_AppTaskReturnHookPtr
                        0x2001249c     0x4  Data  Gb  os_var.o [1]
OS_AppTaskSwHookPtr     0x200124a8     0x4  Data  Gb  os_var.o [1]
OS_AppTimeTickHookPtr   0x200124ac     0x4  Data  Gb  os_var.o [1]
OS_CPU_ExceptStkBase    0x2001248c     0x4  Data  Gb  os_cpu_c.o [1]
OS_CPU_FP_Reg_Pop       0x08021c93          Code  Gb  os_cpu_a.o [1]
OS_CPU_FP_Reg_Push      0x08021c79          Code  Gb  os_cpu_a.o [1]
OS_CPU_PendSVHandler    0x08021d25          Code  Gb  os_cpu_a.o [1]
OS_CPU_SysTickHandler   0x0801f171    0x24  Code  Gb  os_cpu_c.o [1]
OS_CPU_SysTickInit      0x0801f195    0x2e  Code  Gb  os_cpu_c.o [1]
OS_Dbg_Init             0x08021995   0x22c  Code  Gb  os_dbg.o [1]
OS_FlagInit             0x0802107d    0x12  Code  Gb  os_flag.o [1]
OS_IdleTask             0x0801e71d    0x36  Code  Gb  os_core.o [1]
OS_IdleTaskInit         0x0801e753    0x52  Code  Gb  os_core.o [1]
OS_MemInit              0x08021099    0x12  Code  Gb  os_mem.o [1]
OS_MsgPoolInit          0x0801f271    0x6e  Code  Gb  os_msg.o [1]
OS_MsgQFreeAll          0x0801f2df    0x4c  Code  Gb  os_msg.o [1]
OS_MsgQGet              0x0801f33f    0x76  Code  Gb  os_msg.o [1]
OS_MsgQInit             0x0801f32b    0x14  Code  Gb  os_msg.o [1]
OS_MsgQPut              0x0801f3b5   0x10a  Code  Gb  os_msg.o [1]
OS_MutexDbgListAdd      0x08019cf9    0x28  Code  Gb  os_mutex.o [1]
OS_MutexGrpAdd          0x08019d51     0x8  Code  Gb  os_mutex.o [1]
OS_MutexGrpPostAll      0x08019daf    0x6a  Code  Gb  os_mutex.o [1]
OS_MutexGrpPrioFindHighest
                        0x08019d73    0x3c  Code  Gb  os_mutex.o [1]
OS_MutexGrpRemove       0x08019d59    0x1a  Code  Gb  os_mutex.o [1]
OS_MutexInit            0x08019d21    0x12  Code  Gb  os_mutex.o [1]
OS_Pend                 0x0801e7a5    0x78  Code  Gb  os_core.o [1]
OS_PendAbort            0x0801e81d    0xc6  Code  Gb  os_core.o [1]
OS_PendAbort1           0x0801e8e3    0x28  Code  Gb  os_core.o [1]
OS_PendDataInit         0x0801e90b    0x38  Code  Gb  os_core.o [1]
OS_PendDbgNameAdd       0x0801e943    0x4c  Code  Gb  os_core.o [1]
OS_PendDbgNameRemove    0x0801e98f    0x28  Code  Gb  os_core.o [1]
OS_PendListChangePrio   0x0801e9bd    0x40  Code  Gb  os_core.o [1]
OS_PendListInit         0x0801e9fd     0xe  Code  Gb  os_core.o [1]
OS_PendListInsertPrio   0x0801ea0b    0x7a  Code  Gb  os_core.o [1]
OS_PendListRemove       0x0801ea85    0x3c  Code  Gb  os_core.o [1]
OS_PendListRemove1      0x0801eac1    0x54  Code  Gb  os_core.o [1]
OS_PendObjDel           0x0801eb15    0xbe  Code  Gb  os_core.o [1]
OS_PendObjDel1          0x0801ebd3    0x28  Code  Gb  os_core.o [1]
OS_Post                 0x0801ebfb    0xf2  Code  Gb  os_core.o [1]
OS_Post1                0x0801eced    0x2e  Code  Gb  os_core.o [1]
OS_PrioGetHighest       0x0801f4e3    0x26  Code  Gb  os_prio.o [1]
OS_PrioInit             0x0801f4cd    0x16  Code  Gb  os_prio.o [1]
OS_PrioInsert           0x0801f509    0x30  Code  Gb  os_prio.o [1]
OS_PrioRemove           0x0801f539    0x30  Code  Gb  os_prio.o [1]
OS_QDbgListAdd          0x0801a4ed    0x28  Code  Gb  os_q.o [1]
OS_QInit                0x0801a515    0x12  Code  Gb  os_q.o [1]
OS_QPost                0x0801a541    0xc2  Code  Gb  os_q.o [1]
OS_RdyListInit          0x0801ed1b    0x28  Code  Gb  os_core.o [1]
OS_RdyListInsert        0x0801ed43    0x28  Code  Gb  os_core.o [1]
OS_RdyListInsertHead    0x0801ed6b    0x42  Code  Gb  os_core.o [1]
OS_RdyListInsertTail    0x0801edad    0x40  Code  Gb  os_core.o [1]
OS_RdyListRemove        0x0801eded    0x62  Code  Gb  os_core.o [1]
OS_SemClr               0x0801a17f    0x1e  Code  Gb  os_sem.o [1]
OS_SemDbgListAdd        0x0801a19d    0x28  Code  Gb  os_sem.o [1]
OS_SemDbgListRemove     0x0801a1c5    0x3a  Code  Gb  os_sem.o [1]
OS_SemInit              0x0801a1ff    0x12  Code  Gb  os_sem.o [1]
OS_SemPost              0x0801a231    0xb6  Code  Gb  os_sem.o [1]
OS_StatTask             0x08021273   0x284  Code  Gb  os_stat.o [1]
OS_StatTaskInit         0x080214f7    0x92  Code  Gb  os_stat.o [1]
OS_TaskBlock            0x0801ee4f    0x2a  Code  Gb  os_core.o [1]
OS_TaskChangePrio       0x080198f9    0xe8  Code  Gb  os_task.o [1]
OS_TaskDbgListAdd       0x080193e9    0x34  Code  Gb  os_task.o [1]
OS_TaskDbgListRemove    0x0801941d    0x50  Code  Gb  os_task.o [1]
OS_TaskInit             0x0801946d    0x1e  Code  Gb  os_task.o [1]
OS_TaskInitTCB          0x0801948b   0x11a  Code  Gb  os_task.o [1]
OS_TaskQPost            0x080195a5    0xca  Code  Gb  os_task.o [1]
OS_TaskResume           0x0801966f    0xcc  Code  Gb  os_task.o [1]
OS_TaskReturn           0x0801973b    0x14  Code  Gb  os_task.o [1]
OS_TaskSemPost          0x0801974f    0xd0  Code  Gb  os_task.o [1]
OS_TaskSuspend          0x08019829    0xc6  Code  Gb  os_task.o [1]
OS_TickListInsert       0x0801dfc3    0x90  Code  Gb  os_tick.o [1]
OS_TickListInsertDly    0x0801e053    0xbe  Code  Gb  os_tick.o [1]
OS_TickListRemove       0x0801e111    0x74  Code  Gb  os_tick.o [1]
OS_TickListResetPeak    0x0801e185     0x2  Code  Gb  os_tick.o [1]
OS_TickListUpdateDly    0x0801e187    0x8e  Code  Lc  os_tick.o [1]
OS_TickListUpdateTimeout
                        0x0801e215   0x112  Code  Lc  os_tick.o [1]
OS_TickTask             0x0801dea9    0x58  Code  Gb  os_tick.o [1]
OS_TickTaskInit         0x0801df01    0xc2  Code  Gb  os_tick.o [1]
OS_TmrDbgListAdd        0x08021743    0x24  Code  Gb  os_tmr.o [1]
OS_TmrInit              0x08021767    0xd4  Code  Gb  os_tmr.o [1]
OS_TmrLock              0x0802191f    0x16  Code  Lc  os_tmr.o [1]
OS_TmrResetPeak         0x0802183b     0x2  Code  Gb  os_tmr.o [1]
OS_TmrTask              0x08021885    0x9a  Code  Gb  os_tmr.o [1]
OS_TmrUnlink            0x0802183d    0x48  Code  Gb  os_tmr.o [1]
OS_TmrUnlock            0x08021935    0x10  Code  Lc  os_tmr.o [1]
RCC_AHB1PeriphClockCmd  0x080201d5    0x1e  Code  Gb  stm32f4xx_rcc.o [1]
RCC_AHB1PeriphResetCmd  0x08020211    0x1e  Code  Gb  stm32f4xx_rcc.o [1]
RCC_APB2PeriphClockCmd  0x080201f3    0x1e  Code  Gb  stm32f4xx_rcc.o [1]
RCC_DeInit              0x0801ff81    0x4e  Code  Gb  stm32f4xx_rcc.o [1]
RCC_GetClocksFreq       0x080200d5   0x100  Code  Gb  stm32f4xx_rcc.o [1]
RCC_GetFlagStatus       0x0802022f    0x52  Code  Gb  stm32f4xx_rcc.o [1]
RCC_GetSYSCLKSource     0x0802007f     0xc  Code  Gb  stm32f4xx_rcc.o [1]
RCC_HCLKConfig          0x0802008b    0x18  Code  Gb  stm32f4xx_rcc.o [1]
RCC_HSEConfig           0x0801ffcf    0x10  Code  Gb  stm32f4xx_rcc.o [1]
RCC_MCO1Config          0x0802004b    0x1c  Code  Gb  stm32f4xx_rcc.o [1]
RCC_PCLK1Config         0x080200a3    0x18  Code  Gb  stm32f4xx_rcc.o [1]
RCC_PCLK2Config         0x080200bb    0x1a  Code  Gb  stm32f4xx_rcc.o [1]
RCC_PLLCmd              0x08020041     0xa  Code  Gb  stm32f4xx_rcc.o [1]
RCC_PLLConfig           0x0802001f    0x22  Code  Gb  stm32f4xx_rcc.o [1]
RCC_SYSCLKConfig        0x08020067    0x18  Code  Gb  stm32f4xx_rcc.o [1]
RCC_WaitForHSEStartUp   0x0801ffdf    0x40  Code  Gb  stm32f4xx_rcc.o [1]
Region$$Table$$Base     0x0802e8ec           --   Gb  - Linker created -
Region$$Table$$Limit    0x0802e918           --   Gb  - Linker created -
STM32F4xx_IF_Nbr        0x20000186     0x1  Data  Lc  net_bsp.o [1]
SYSCFG_ETH_MediaInterfaceConfig
                        0x0802cf85     0x6  Code  Gb  stm32f4xx_syscfg.o [1]
Str_Char                0x0801d103    0x1a  Code  Gb  lib_str.o [1]
Str_Char_N              0x0801d11d    0x58  Code  Gb  lib_str.o [1]
Str_Cmp                 0x0801cef7    0x1a  Code  Gb  lib_str.o [1]
Str_CmpIgnoreCase_N     0x0801cfdf   0x124  Code  Gb  lib_str.o [1]
Str_Cmp_N               0x0801cf11    0xce  Code  Gb  lib_str.o [1]
Str_Copy_N              0x0801cea3    0x54  Code  Gb  lib_str.o [1]
Str_FmtNbr_Int32        0x0801d2b1   0x2a6  Code  Lc  lib_str.o [1]
Str_FmtNbr_Int32U       0x0801d24b    0x46  Code  Gb  lib_str.o [1]
Str_Len                 0x0801ce6d    0x14  Code  Gb  lib_str.o [1]
Str_Len_N               0x0801ce81    0x22  Code  Gb  lib_str.o [1]
Str_MultOvfThTbl_Int32U
                        0x0802dff0    0x94  Data  Lc  lib_str.o [1]
Str_ParseNbr_Int32      0x0801d557   0x238  Code  Lc  lib_str.o [1]
Str_ParseNbr_Int32U     0x0801d291    0x20  Code  Gb  lib_str.o [1]
Str_Str_N               0x0801d175    0xd6  Code  Gb  lib_str.o [1]
_Close_all              0x0802e1ad    0x58  Code  Gb  xcloseall.o [4]
_Files                  0x20000148    0x20  Data  Gb  xfiles.o [4]
_Fofree                 0x0802e085    0x78  Code  Gb  xfofind.o [4]
_Fspos                  0x0802d811    0xd6  Code  Gb  xfspos.o [4]
_Fwprep                 0x0802dc81    0xb6  Code  Gb  xfwprep.o [4]
_GenldLargeNoMb         0x0802a421   0x236  Code  Lc  xprintflarge_nomb.o [4]
_LdtobLargeNoMb         0x0802a1a1   0x27a  Code  Lc  xprintflarge_nomb.o [4]
_LitobLargeNoMb         0x0802a09b   0x106  Code  Lc  xprintflarge_nomb.o [4]
_Locale_aeabi_lconv     0x20000050    0x38  Data  Gb  localeconv.o [4]
_Locale_lconv           0x20000000    0x50  Data  Gb  localeconv.o [4]
_Nnl                    0x0802d999     0xa  Code  Gb  xfgpos.o [4]
_PrintfLargeNoMb        0x08029aad   0x57a  Code  Gb  xprintflarge_nomb.o [4]
_Prout                  0x0802ec95    0x16  Code  Gb  xprout.o [4]
_PutcharsLargeNoMb      0x0802a657    0x2e  Code  Lc  xprintflarge_nomb.o [4]
__aeabi_cdcmple         0x0802a879          Code  Gb  DblCmpLe.o [5]
__aeabi_d2uiz           0x08024d55          Code  Gb  DblToI32.o [5]
__aeabi_dadd            0x0802ad01          Code  Gb  DblAdd.o [5]
__aeabi_ddiv            0x0802a8a9          Code  Gb  DblDiv.o [5]
__aeabi_dmul            0x08024bb1          Code  Gb  DblMul.o [5]
__aeabi_dsub            0x0802ab01          Code  Gb  DblSub.o [5]
__aeabi_errno_addr      0x0802d9f1     0x6  Code  Gb  errno.o [4]
__aeabi_ldiv0           0x0802acfd          Code  Gb  I64DivZer.o [6]
__aeabi_ui2d            0x08024b95          Code  Gb  I32ToDbl.o [5]
__aeabi_uldivmod        0x0802a749          Code  Gb  I64DivMod.o [6]
__cexit_closeall        0x0802e547          Code  Gb  cexit.o [6]
__close                 0x0802e17b    0x1a  Code  Gb  close.o [7]
__cmain                 0x0802e4f9          Code  Gb  cmain.o [6]
__cstart_closeall       0x0802f9c8          Data  Gb  cstart_closeall.o [6]
__data_Aldata           0x20012474     0x8  Data  Gb  xxmemxmalloc.o [4]
__data_GetMemChunk      0x0802de8d    0x2c  Code  Gb  xgetmemchunk.o [4]
__dwrite                0x0802dac1    0x1e  Code  Gb  dwrite.o [7]
__exit                  0x0802dc6d    0x14  Code  Gb  exit.o [7]
__iar_Dnorm             0x0802a837    0x42  Code  Gb  xdnorm.o [5]
__iar_Errno             0x20000180     0x4  Data  Gb  errno.o [4]
__iar_Locale_lconv_init
                        0x0802ac81    0x3a  Code  Gb  localeconv.o [4]
__iar_Lockfilelock      0x0802d9fd     0x2  Code  Gb  xsyslock_nop.o [4]
__iar_Memchr            0x0802a6f1          Code  Gb  memchr.o [6]
__iar_Stderr            0x20000108    0x40  Data  Gb  xfiles.o [4]
__iar_Stdin             0x20000088    0x40  Data  Gb  xfiles.o [4]
__iar_Stdout            0x200000c8    0x40  Data  Gb  xfiles.o [4]
__iar_Strchr            0x0802a6a1          Code  Gb  strchr.o [6]
__iar_Unlockfilelock    0x0802d9ff     0x2  Code  Gb  xsyslock_nop.o [4]
__iar_close_ttio        0x0802db21    0x2e  Code  Gb  iarttio.o [7]
__iar_d2uiz             0x08024d61          Code  Gb  DblToI32.o [5]
__iar_dadd              0x0802ad15          Code  Gb  DblAdd.o [5]
__iar_data_init3        0x0802e519    0x28  Code  Gb  data_init.o [6]
__iar_dlib_perthread_access
                        0x0802ade9     0x2  Code  Gb  xtls.o [4]
__iar_dsub              0x0802ab15          Code  Gb  DblSub.o [5]
__iar_dsubStart         0x0802ab27          Code  Gb  DblSub.o [5]
__iar_get_ttio          0x0802db51    0x38  Code  Gb  iarttio.o [7]
__iar_init_vfp          0x0802e4d5          Code  Gb  fpinit_M.o [5]
__iar_lookup_ttioh      0x0802db8d     0x8  Code  Gb  XShttio.o [4]
__iar_packbits_init3    0x0802dbb7    0xae  Code  Gb  packbits_init.o [6]
__iar_program_start     0x0802e4c9          Code  Gb  cstartup_M.o [6]
__iar_sh_Discard        0x0802d731    0x44  Code  Gb  XShHandles.o [4]
__iar_sh_Move           0x0802d77b    0x4c  Code  Gb  XShHandles.o [4]
__iar_sh_Pos            0x0802d7c7    0x44  Code  Gb  XShHandles.o [4]
__iar_sh_stdout         0x0802dadf    0x20  Code  Gb  iarwstd.o [7]
__iar_sh_write          0x0802daff    0x22  Code  Gb  iarwrite.o [7]
__iar_ttio_handles      0x20000178     0x8  Data  Lc  XShttio.o [4]
__iar_ui2d              0x08024b99          Code  Gb  I32ToDbl.o [5]
__iar_unaligned___aeabi_memcpy
                        0x08026699          Code  Gb  ABImemcpy_unaligned.o [6]
__iar_unaligned___aeabi_memcpy4
                        0x080266b9          Code  Gb  ABImemcpy_unaligned.o [6]
__iar_unaligned___aeabi_memcpy8
                        0x080266b9          Code  Gb  ABImemcpy_unaligned.o [6]
__iar_zero_init3        0x0802e411    0x40  Code  Gb  zero_init3.o [6]
__low_level_init        0x0802e513     0x4  Code  Gb  low_level_init.o [4]
__lseek                 0x0802d9a3    0x4c  Code  Gb  lseek.o [7]
__vector_table          0x08000000   0x188  Data  Gb  cstartup.o [1]
__write_buffered        0x0802da01    0xc0  Code  Gb  xxwritebuffered.o [4]
_call_main              0x0802e505          Code  Gb  cmain.o [6]
_exit                   0x0802e545          Code  Gb  cexit.o [6]
_main                   0x0802e50f          Code  Gb  cmain.o [6]
abort                   0x0802dc65     0x6  Code  Gb  abort.o [4]
div                     0x0802aced     0xe  Code  Gb  div.o [4]
ebuf                    0x20011f7c    0x50  Data  Lc  xfiles.o [4]
exit                    0x0802e541     0x4  Code  Gb  exit.o [4]
fclose                  0x0802e101    0x7a  Code  Gb  fclose.o [4]
fflush                  0x0802d95f    0x34  Code  Gb  fflush.o [4]
fflushOne               0x0802d8e9    0x76  Code  Lc  fflush.o [4]
fputc                   0x0802e205    0x56  Code  Gb  fputc.o [4]
free                    0x0802de0d    0x7a  Code  Gb  xxmemxfree.o [4]
fseek                   0x0802dde9    0x22  Code  Gb  fseek.o [4]
localeconv              0x0802acbb    0x16  Code  Gb  localeconv.o [4]
main                    0x0802d631    0x64  Code  Gb  app.o [1]
malloc                  0x0802dd39    0xac  Code  Gb  xxmemxmalloc.o [4]
memchr                  0x0802a6f1          Code  Gb  memchr.o [6]
obuf                    0x20011fcc    0x50  Data  Lc  xfiles.o [4]
printf                  0x0802c909    0x24  Code  Gb  printf.o [4]
putchar                 0x0802ecad     0xc  Code  Gb  putchar.o [4]
remove                  0x0802e195    0x16  Code  Gb  remove.o [7]
sFileInfo               0x20011e58    0x80  Data  Lc  XShHandles.o [4]
store                   0x20011ed8    0x50  Data  Lc  xxwritebuffered.o [4]
storeLen                0x20011f28     0x4  Data  Lc  xxwritebuffered.o [4]
strchr                  0x0802a6a1          Code  Gb  strchr.o [6]
strlen                  0x0802a6b9          Code  Gb  strlen.o [6]


[1] = D:\GIT\Micrium_STM32F4-DISCOVERY_OS3-TCPIP-HTTPc-No-Source\Micrium\Examples\ST\STM32F4-DISCOVERY\OS3-TCPIP-HTTPc\IAR-No-Source\FLASH\Obj
[2] = command line
[3] = OS3-TCPIP-HTTPc-DNSc-DHCPc-Trace-Library.a
[4] = dl7M_tlf.a
[5] = m7M_tls.a
[6] = rt7M_tl.a
[7] = shb_l.a

  186 418 bytes of readonly  code memory
    8 630 bytes of readonly  data memory
   75 812 bytes of readwrite data memory

Errors: none
Warnings: none
